Archive member included to satisfy reference by file (symbol)

app/libapp.a(main.c.obj)      (--whole-archive)
zephyr/libzephyr.a(validate_libc.c.obj)
                              (--whole-archive)
zephyr/libzephyr.a(heap.c.obj)
                              (--whole-archive)
zephyr/libzephyr.a(cbprintf_packaged.c.obj)
                              (--whole-archive)
zephyr/libzephyr.a(clock.c.obj)
                              (--whole-archive)
zephyr/libzephyr.a(printk.c.obj)
                              (--whole-archive)
zephyr/libzephyr.a(sem.c.obj)
                              (--whole-archive)
zephyr/libzephyr.a(thread_entry.c.obj)
                              (--whole-archive)
zephyr/libzephyr.a(cbprintf_complete.c.obj)
                              (--whole-archive)
zephyr/libzephyr.a(assert.c.obj)
                              (--whole-archive)
zephyr/libzephyr.a(dec.c.obj)
                              (--whole-archive)
zephyr/libzephyr.a(hex.c.obj)
                              (--whole-archive)
zephyr/libzephyr.a(rb.c.obj)  (--whole-archive)
zephyr/libzephyr.a(timeutil.c.obj)
                              (--whole-archive)
zephyr/libzephyr.a(bitarray.c.obj)
                              (--whole-archive)
zephyr/libzephyr.a(bitmask.c.obj)
                              (--whole-archive)
zephyr/libzephyr.a(getopt.c.obj)
                              (--whole-archive)
zephyr/libzephyr.a(getopt_common.c.obj)
                              (--whole-archive)
zephyr/libzephyr.a(ring_buffer.c.obj)
                              (--whole-archive)
zephyr/libzephyr.a(last_section_id.c.obj)
                              (--whole-archive)
zephyr/libzephyr.a(configs.c.obj)
                              (--whole-archive)
zephyr/libzephyr.a(vectors.S.obj)
                              (--whole-archive)
zephyr/libzephyr.a(soc_irq.S.obj)
                              (--whole-archive)
zephyr/libzephyr.a(soc.c.obj)
                              (--whole-archive)
zephyr/libzephyr.a(loader.c.obj)
                              (--whole-archive)
zephyr/libzephyr.a(hw_init.c.obj)
                              (--whole-archive)
zephyr/libzephyr.a(pmp_regions.c.obj)
                              (--whole-archive)
zephyr/libzephyr.a(tracing_none.c.obj)
                              (--whole-archive)
zephyr/libzephyr.a(esp_efuse_api.c.obj)
                              (--whole-archive)
zephyr/libzephyr.a(esp_efuse_utility.c.obj)
                              (--whole-archive)
zephyr/libzephyr.a(esp_efuse_table.c.obj)
                              (--whole-archive)
zephyr/libzephyr.a(esp_efuse_utility.c.obj)
                              (--whole-archive)
zephyr/libzephyr.a(esp_efuse_api_key.c.obj)
                              (--whole-archive)
zephyr/libzephyr.a(esp_mmu_map.c.obj)
                              (--whole-archive)
zephyr/libzephyr.a(ext_mem_layout.c.obj)
                              (--whole-archive)
zephyr/libzephyr.a(flash_encrypt.c.obj)
                              (--whole-archive)
zephyr/libzephyr.a(esp_gpio_reserve.c.obj)
                              (--whole-archive)
zephyr/libzephyr.a(cache_hal.c.obj)
                              (--whole-archive)
zephyr/libzephyr.a(mmu_hal.c.obj)
                              (--whole-archive)
zephyr/libzephyr.a(spi_flash_encrypt_hal_iram.c.obj)
                              (--whole-archive)
zephyr/libzephyr.a(spi_flash_hal.c.obj)
                              (--whole-archive)
zephyr/libzephyr.a(spi_flash_hal_iram.c.obj)
                              (--whole-archive)
zephyr/libzephyr.a(spi_flash_hal_gpspi.c.obj)
                              (--whole-archive)
zephyr/libzephyr.a(esp_flash_api.c.obj)
                              (--whole-archive)
zephyr/libzephyr.a(esp_flash_spi_init.c.obj)
                              (--whole-archive)
zephyr/libzephyr.a(flash_mmap.c.obj)
                              (--whole-archive)
zephyr/libzephyr.a(flash_ops.c.obj)
                              (--whole-archive)
zephyr/libzephyr.a(memspi_host_driver.c.obj)
                              (--whole-archive)
zephyr/libzephyr.a(spi_flash_chip_boya.c.obj)
                              (--whole-archive)
zephyr/libzephyr.a(spi_flash_chip_drivers.c.obj)
                              (--whole-archive)
zephyr/libzephyr.a(spi_flash_chip_gd.c.obj)
                              (--whole-archive)
zephyr/libzephyr.a(spi_flash_chip_generic.c.obj)
                              (--whole-archive)
zephyr/libzephyr.a(spi_flash_chip_issi.c.obj)
                              (--whole-archive)
zephyr/libzephyr.a(spi_flash_chip_mxic.c.obj)
                              (--whole-archive)
zephyr/libzephyr.a(spi_flash_chip_mxic_opi.c.obj)
                              (--whole-archive)
zephyr/libzephyr.a(spi_flash_chip_th.c.obj)
                              (--whole-archive)
zephyr/libzephyr.a(spi_flash_chip_winbond.c.obj)
                              (--whole-archive)
[...]
Memory Configuration

Name             Origin             Length             Attributes
FLASH            0x0000000000000000 0x00000000007fff00 r
sram0_0_seg      0x0000000040800000 0x000000000006ad08 rw
irom0_0_seg      0x0000000042000000 0x0000000000800000 xr
drom0_0_seg      0x0000000042800000 0x0000000000800000 r
lp_ram_seg       0x0000000050000000 0x0000000000004000 rw
IDT_LIST         0x000000003ebfe010 0x0000000000002000 rw
*default*        0x0000000000000000 0xffffffffffffffff

Linker script and memory map

                0x000000004200420e                vfprintf = __l_vfprintf
                0x0000000000000000                vfscanf = __l_vfscanf
LOAD zephyr/CMakeFiles/zephyr_pre0.dir/misc/empty_file.c.obj
LOAD zephyr/CMakeFiles/offsets.dir/./arch/riscv/core/offsets/offsets.c.obj
LOAD app/libapp.a
LOAD zephyr/libzephyr.a
LOAD zephyr/arch/common/libarch__common.a
LOAD zephyr/arch/arch/riscv/core/libarch__riscv__core.a
LOAD zephyr/lib/libc/picolibc/liblib__libc__picolibc.a
LOAD zephyr/lib/libc/common/liblib__libc__common.a
LOAD zephyr/lib/posix/c_lib_ext/liblib__posix__c_lib_ext.a
LOAD zephyr/drivers/interrupt_controller/libdrivers__interrupt_controller.a
LOAD zephyr/drivers/adc/libdrivers__adc.a
LOAD zephyr/drivers/clock_control/libdrivers__clock_control.a
LOAD zephyr/drivers/console/libdrivers__console.a
LOAD zephyr/drivers/gpio/libdrivers__gpio.a
LOAD zephyr/drivers/pinctrl/libdrivers__pinctrl.a
LOAD zephyr/drivers/serial/libdrivers__serial.a
LOAD zephyr/drivers/timer/libdrivers__timer.a
LOAD zephyr/kernel/libkernel.a
LOAD zephyr/arch/common/libisr_tables.a
LOAD /home/jerryfen/zephyr-sdk-0.17.4/riscv64-zephyr-elf/bin/../lib/gcc/riscv64-zephyr-elf/12.2.0/rv32imac_zicsr_zifencei/ilp32/libgcc.a
LOAD /home/jerryfen/zephyr-sdk-0.17.4/riscv64-zephyr-elf/bin/../lib/gcc/../../picolibc/riscv64-zephyr-elf/lib/rv32imac_zicsr_zifencei/ilp32/libc.a
LOAD /home/jerryfen/zephyr-sdk-0.17.4/riscv64-zephyr-elf/bin/../lib/gcc/riscv64-zephyr-elf/12.2.0/rv32imac_zicsr_zifencei/ilp32/libgcc.a
                0x000000004086ad08                user_sram_end = 0x4086ad08
                0x0000000040800000                user_sram_org = 0x40800000
                0x000000000006ad08                user_sram_size = (user_sram_end - user_sram_org)
                0x000000004087c610                _heap_sentry = 0x4087c610
                0x000000000006f740                _libc_heap_size = (_heap_sentry - _end)

.rel.plt        0x0000000000000000        0x0
 *(SORT_BY_ALIGNMENT(.rel.plt))
                [!provide]                        PROVIDE (__rel_iplt_start = .)
 *(SORT_BY_ALIGNMENT(.rel.iplt))
                [!provide]                        PROVIDE (__rel_iplt_end = .)

.rela.plt       0x0000000000000000        0x0
 *(SORT_BY_ALIGNMENT(.rela.plt))
                [!provide]                        PROVIDE (__rela_iplt_start = .)
 *(SORT_BY_ALIGNMENT(.rela.iplt))
                [!provide]                        PROVIDE (__rela_iplt_end = .)

.rel.dyn
 *(SORT_BY_ALIGNMENT(.rel.*))

.rela.dyn       0x0000000000000000        0x0
 *(SORT_BY_ALIGNMENT(.rela.*))
 .rela.text.__start
                0x0000000000000000        0x0 app/libapp.a(main.c.obj)
 .rela.data.map
                0x0000000000000000        0x0 app/libapp.a(main.c.obj)
 .rela.srodata.libc_heap_size
                0x0000000000000000        0x0 app/libapp.a(main.c.obj)
 .rela._pmp_soc_region.static.esp32c6_iram_text_
                0x0000000000000000        0x0 app/libapp.a(main.c.obj)
 .rela.text.esp_mmu_map_init
                0x0000000000000000        0x0 app/libapp.a(main.c.obj)
 .rela.text.mmu_hal_map_region
                0x0000000000000000        0x0 app/libapp.a(main.c.obj)
 .rela.text.spi_flash_hal_init
                0x0000000000000000        0x0 app/libapp.a(main.c.obj)
 .rela.text.spi_flash_hal_supports_direct_write
                0x0000000000000000        0x0 app/libapp.a(main.c.obj)
 .rela.text.spi_flash_hal_supports_direct_read
                0x0000000000000000        0x0 app/libapp.a(main.c.obj)
 .rela.text.spi_flash_hal_setup_read_suspend
                0x0000000000000000        0x0 app/libapp.a(main.c.obj)
 .rela.text.spi_flash_hal_setup_auto_suspend_mode
                0x0000000000000000        0x0 app/libapp.a(main.c.obj)
 .rela.text.spi_flash_hal_setup_auto_resume_mode
                0x0000000000000000        0x0 app/libapp.a(main.c.obj)
 .rela.text.spi_flash_hal_disable_auto_suspend_mode
                0x0000000000000000        0x0 app/libapp.a(main.c.obj)
 .rela.text.spi_flash_hal_disable_auto_resume_mode
                0x0000000000000000        0x0 app/libapp.a(main.c.obj)
 .rela.iram1.9  0x0000000000000000        0x0 app/libapp.a(main.c.obj)
 .rela.text.spimem_flash_ll_get_source_freq_mhz
                0x0000000000000000        0x0 app/libapp.a(main.c.obj)
 .rela.text.esp_flash_init_default_chip
                0x0000000000000000        0x0 app/libapp.a(main.c.obj)
 .rela.iram1.1  0x0000000000000000        0x0 app/libapp.a(main.c.obj)
 .rela.text.memspi_host_flush_cache
                0x0000000000000000        0x0 app/libapp.a(main.c.obj)
 .rela.text.config_wdt
                0x0000000000000000        0x0 app/libapp.a(main.c.obj)
 .rela.dram1.13
                0x0000000000000000        0x0 app/libapp.a(main.c.obj)
 .rela.text.esp_clk_tree_lp_fast_get_freq_hz
                0x0000000000000000        0x0 app/libapp.a(main.c.obj)
 .rela.text.rtc_clk_cpu_freq_to_xtal
                0x0000000000000000        0x0 app/libapp.a(main.c.obj)
 .rela.text.rtc_clk_cpu_freq_to_pll_mhz
                0x0000000000000000        0x0 app/libapp.a(main.c.obj)
 .rela.text.rtc_clk_cpu_freq_to_8m
                0x0000000000000000        0x0 app/libapp.a(main.c.obj)
 .rela.text.rtc_clk_32k_enable.part.0
                0x0000000000000000        0x0 app/libapp.a(main.c.obj)
 .rela.text.rtc_clk_slow_src_set
                0x0000000000000000        0x0 app/libapp.a(main.c.obj)
 .rela.text.rtc_clk_slow_src_get
                0x0000000000000000        0x0 app/libapp.a(main.c.obj)
 .rela.text.rtc_clk_fast_src_set
                0x0000000000000000        0x0 app/libapp.a(main.c.obj)
 .rela.text.rtc_clk_cpu_freq_set_config
                0x0000000000000000        0x0 app/libapp.a(main.c.obj)
 .rela.text.rtc_clk_cpu_freq_get_config
                0x0000000000000000        0x0 app/libapp.a(main.c.obj)
 .rela.text.rtc_clk_apb_freq_get
                0x0000000000000000        0x0 app/libapp.a(main.c.obj)
 .rela.text.rtc_dig_clk8m_enable
                0x0000000000000000        0x0 app/libapp.a(main.c.obj)
 .rela.text.rtc_dig_clk8m_disable
                0x0000000000000000        0x0 app/libapp.a(main.c.obj)
 .rela.text.rtc_clk_modem_clock_domain_active_state_icg_map_preinit
                0x0000000000000000        0x0 app/libapp.a(main.c.obj)
 .rela.text.rtc_clk_init
                0x0000000000000000        0x0 app/libapp.a(main.c.obj)
 .rela.text.rtc_clk_cal
                0x0000000000000000        0x0 app/libapp.a(main.c.obj)
 .rela.dram1.1  0x0000000000000000        0x0 app/libapp.a(main.c.obj)
 .rela.text.get_act_hp_dbias
                0x0000000000000000        0x0 app/libapp.a(main.c.obj)
 .rela.text.get_act_lp_dbias
                0x0000000000000000        0x0 app/libapp.a(main.c.obj)
 .rela.text.esp_ocode_calib_init
                0x0000000000000000        0x0 app/libapp.a(main.c.obj)
 .rela.iram1.0  0x0000000000000000        0x0 app/libapp.a(main.c.obj)
 .rela.text.clk_hal_lp_slow_get_freq_hz
                0x0000000000000000        0x0 app/libapp.a(main.c.obj)
 .rela.text.clk_hal_cpu_get_freq_hz
                0x0000000000000000        0x0 app/libapp.a(main.c.obj)
 .rela.text.efuse_hal_get_major_chip_version
                0x0000000000000000        0x0 app/libapp.a(main.c.obj)
 .rela.text.efuse_hal_get_minor_chip_version
                0x0000000000000000        0x0 app/libapp.a(main.c.obj)
 .rela.dram1.0  0x0000000000000000        0x0 app/libapp.a(main.c.obj)
 .rela.iram1.7  0x0000000000000000        0x0 app/libapp.a(main.c.obj)
 .rela.text.soc_hw_init
                0x0000000000000000        0x0 app/libapp.a(main.c.obj)
 .rela.text.flash_update_id
                0x0000000000000000        0x0 app/libapp.a(main.c.obj)
 .rela.text.init_spi_flash
                0x0000000000000000        0x0 app/libapp.a(main.c.obj)
 .rela.text.uart_hal_set_sclk
                0x0000000000000000        0x0 app/libapp.a(main.c.obj)
 .rela.text.uart_hal_get_sclk
                0x0000000000000000        0x0 app/libapp.a(main.c.obj)
 .rela.text.uart_hal_set_baudrate
                0x0000000000000000        0x0 app/libapp.a(main.c.obj)
 .rela.text.uart_hal_get_baudrate
                0x0000000000000000        0x0 app/libapp.a(main.c.obj)
 .rela.text.uart_hal_set_hw_flow_ctrl
                0x0000000000000000        0x0 app/libapp.a(main.c.obj)
 .rela.text.uart_hal_set_rxfifo_full_thr
                0x0000000000000000        0x0 app/libapp.a(main.c.obj)
 .rela.text.uart_hal_set_txfifo_empty_thr
                0x0000000000000000        0x0 app/libapp.a(main.c.obj)
 .rela.text.uart_hal_write_txfifo
                0x0000000000000000        0x0 app/libapp.a(main.c.obj)
 .rela.text.uart_hal_read_rxfifo
                0x0000000000000000        0x0 app/libapp.a(main.c.obj)
 .rela.text.read_cal_channel
                0x0000000000000000        0x0 app/libapp.a(main.c.obj)
 .rela.text.adc_hal_self_calibration
                0x0000000000000000        0x0 app/libapp.a(main.c.obj)
 .rela.text.adc_oneshot_hal_setup
                0x0000000000000000        0x0 app/libapp.a(main.c.obj)
 .rela.text.adc_oneshot_hal_convert
                0x0000000000000000        0x0 app/libapp.a(main.c.obj)
 .rela.text.arch_bss_zero
                0x0000000000000000        0x0 app/libapp.a(main.c.obj)
 .rela.text.z_riscv_pmp_init
                0x0000000000000000        0x0 app/libapp.a(main.c.obj)
 .rela.text.arch_tls_stack_setup
                0x0000000000000000        0x0 app/libapp.a(main.c.obj)
 .rela.text.walk_stackframe
                0x0000000000000000        0x0 app/libapp.a(main.c.obj)
 .rela.text.malloc_prepare
                0x0000000000000000        0x0 app/libapp.a(main.c.obj)
 .rela.text.esp32_cpu_clock_configure
                0x0000000000000000        0x0 app/libapp.a(main.c.obj)
 .rela.text.gpio_esp32_pin_interrupt_configure
                0x0000000000000000        0x0 app/libapp.a(main.c.obj)
 .rela.text.pinctrl_configure_pins
                0x0000000000000000        0x0 app/libapp.a(main.c.obj)
 .rela.text.uart_esp32_poll_out
                0x0000000000000000        0x0 app/libapp.a(main.c.obj)
 .rela.text.uart_esp32_poll_in
                0x0000000000000000        0x0 app/libapp.a(main.c.obj)
 .rela.text.bg_thread_main
                0x0000000000000000        0x0 app/libapp.a(main.c.obj)
 .rela.rodata.levels.0
                0x0000000000000000        0x0 app/libapp.a(main.c.obj)
 .rela.text.statics_init
                0x0000000000000000        0x0 app/libapp.a(main.c.obj)

.rtc.text       0x0000000050000000        0x0 load address 0x0000000000000000
                0x0000000050000000                . = ALIGN (0x4)
                0x0000000050000000                _rtc_fast_start = ABSOLUTE (.)
                0x0000000050000000                _rtc_text_start = ABSOLUTE (.)
 *(SORT_BY_ALIGNMENT(.rtc.entry.text))
 *(SORT_BY_ALIGNMENT(.rtc.literal) SORT_BY_ALIGNMENT(.rtc.literal.*) SORT_BY_ALIGNMENT(.rtc.text) SORT_BY_ALIGNMENT(.rtc.text.*))
                0x0000000050000000                . = ALIGN (0x4)
                0x0000000050000000                _rtc_text_end = ABSOLUTE (.)

.rtc.force_fast
                0x0000000050000000        0x0 load address 0x0000000000000000
                0x0000000050000000                . = ALIGN (0x4)
                0x0000000050000000                _rtc_force_fast_start = ABSOLUTE (.)
 *(SORT_BY_ALIGNMENT(.rtc.force_fast) SORT_BY_ALIGNMENT(.rtc.force_fast.*))
                0x0000000050000000                . = ALIGN (0x4)
                0x0000000050000000                _rtc_force_fast_end = ABSOLUTE (.)

.rtc.data       0x0000000050000000        0x0 load address 0x0000000000000000
                0x0000000050000000                _rtc_data_start = ABSOLUTE (.)
 *(SORT_BY_ALIGNMENT(.rtc.data) SORT_BY_ALIGNMENT(.rtc.data.*))
 *(SORT_BY_ALIGNMENT(.rtc.rodata) SORT_BY_ALIGNMENT(.rtc.rodata.*))
                0x0000000050000000                _rtc_data_end = ABSOLUTE (.)

.rtc.bss        0x0000000050000000        0x0 load address 0x0000000000000000
                0x0000000050000000                _rtc_bss_start = ABSOLUTE (.)
 *(SORT_BY_ALIGNMENT(.rtc.bss) SORT_BY_ALIGNMENT(.rtc.bss.*))
                0x0000000050000000                _rtc_bss_end = ABSOLUTE (.)

.rtc_noinit     0x0000000050000000        0x0 load address 0x0000000000000000
                0x0000000050000000                . = ALIGN (0x4)
                0x0000000050000000                _rtc_noinit_start = ABSOLUTE (.)
 *(SORT_BY_ALIGNMENT(.rtc_noinit) SORT_BY_ALIGNMENT(.rtc_noinit.*))
                0x0000000050000000                . = ALIGN (0x4)
                0x0000000050000000                _rtc_noinit_end = ABSOLUTE (.)

.rtc.force_slow
                0x0000000050000000        0x0 load address 0x0000000000000000
                0x0000000050000000                . = ALIGN (0x4)
                0x0000000050000000                _rtc_force_slow_start = ABSOLUTE (.)
 *(SORT_BY_ALIGNMENT(.rtc.force_slow) SORT_BY_ALIGNMENT(.rtc.force_slow.*))
                0x0000000050000000                . = ALIGN (0x4)
                0x0000000050000000                _rtc_force_slow_end = ABSOLUTE (.)
                0x0000000000000000                _rtc_slow_length = (_rtc_force_slow_end - _rtc_data_start)
                0x0000000000000000                _rtc_fast_length = (_rtc_force_fast_end - _rtc_fast_start)
                0x0000000000000001                ASSERT ((_rtc_slow_length <= LENGTH (rtc_slow_seg)), RTC_SLOW segment data does not fit.)
                0x0000000000000001                ASSERT ((_rtc_fast_length <= LENGTH (rtc_data_seg)), RTC_FAST segment data does not fit.)

.iram0.text     0x0000000040800000     0x84cc load address 0x0000000000000000
                0x0000000040800000                _iram_start = ABSOLUTE (.)
                0x0000000040800000                _init_start = ABSOLUTE (.)
 *(SORT_BY_ALIGNMENT(.exception_vectors.text))
 .exception_vectors.text
                0x0000000040800000       0x80 zephyr/libzephyr.a(vectors.S.obj)
                0x0000000040800000                _vector_table
                0x0000000040800100                . = ALIGN (0x100)
 *fill*         0x0000000040800080       0x80 
                0x0000000040800100                _invalid_pc_placeholder = ABSOLUTE (.)
 *(SORT_BY_ALIGNMENT(.exception.entry*))
 .exception.entry._isr_wrapper
                0x0000000040800100      0x18c zephyr/arch/arch/riscv/core/libarch__riscv__core.a(isr.S.obj)
                0x0000000040800100                _isr_wrapper
                0x000000004080024e                z_riscv_thread_start
 *(SORT_BY_ALIGNMENT(.exception.other*))
 .exception.other.__soc_handle_irq
                0x000000004080028c        0x2 zephyr/libzephyr.a(soc_irq.S.obj)
                0x000000004080028c                __soc_handle_irq
                0x0000000040800290                . = ALIGN (0x4)
 *fill*         0x000000004080028e        0x2 
 *(SORT_BY_ALIGNMENT(.entry.text))
 *(SORT_BY_ALIGNMENT(.init.literal))
 *(.init)
                0x0000000040800290                . = ALIGN (0x4)
                0x0000000040800290                _init_end = ABSOLUTE (.)
                0x0000000040800290                _iram_text_start = ABSOLUTE (.)
 *(SORT_BY_ALIGNMENT(.iram1) SORT_BY_ALIGNMENT(.iram1.*))
 .iram1.0       0x0000000040800290       0x18 zephyr/libzephyr.a(soc.c.obj)
                0x0000000040800290                __esp_platform_app_start
 .iram1.2       0x00000000408002a8       0x2e zephyr/libzephyr.a(soc.c.obj)
                0x00000000408002a8                arch_printk_char_out
 .iram1.1       0x00000000408002d6       0x66 zephyr/libzephyr.a(esp_mmu_map.c.obj)
                0x00000000408002d6                esp_mmu_paddr_find_caps
 .iram1.3       0x000000004080033c       0x2a zephyr/libzephyr.a(esp_flash_api.c.obj)
 .iram1.4       0x0000000040800366       0x22 zephyr/libzephyr.a(esp_flash_api.c.obj)
 .iram1.5       0x0000000040800388       0x1c zephyr/libzephyr.a(esp_flash_api.c.obj)
 .iram1.6       0x00000000408003a4       0x64 zephyr/libzephyr.a(esp_flash_api.c.obj)
 .iram1.10      0x0000000040800408       0x94 zephyr/libzephyr.a(esp_flash_api.c.obj)
 .iram1.12      0x000000004080049c       0x92 zephyr/libzephyr.a(esp_flash_api.c.obj)
 .iram1.13      0x000000004080052e       0x68 zephyr/libzephyr.a(esp_flash_api.c.obj)
                0x000000004080052e                esp_flash_get_physical_size
 .iram1.9       0x0000000040800596      0x18c zephyr/libzephyr.a(esp_flash_api.c.obj)
                0x0000000040800596                esp_flash_init_main
 .iram1.1       0x0000000040800722       0x7c zephyr/libzephyr.a(flash_mmap.c.obj)
                0x0000000040800722                spi_flash_check_and_flush_cache
 .iram1.4       0x000000004080079e       0x54 zephyr/libzephyr.a(flash_ops.c.obj)
                0x000000004080079e                esp_mspi_pin_init
 .iram1.2       0x00000000408007f2       0x16 zephyr/libzephyr.a(spi_flash_os_func_noos.c.obj)
 .iram1.1       0x0000000040800808       0x12 zephyr/libzephyr.a(spi_flash_os_func_noos.c.obj)
 .iram1.0       0x000000004080081a       0x12 zephyr/libzephyr.a(spi_flash_os_func_noos.c.obj)
 .iram1.9       0x000000004080082c        0x4 zephyr/libzephyr.a(spi_flash_os_func_app.c.obj)
 .iram1.7       0x0000000040800830       0x40 zephyr/libzephyr.a(spi_flash_os_func_app.c.obj)
 .iram1.4       0x0000000040800870       0x1a zephyr/libzephyr.a(spi_flash_os_func_app.c.obj)
 .iram1.8       0x000000004080088a        0x6 zephyr/libzephyr.a(spi_flash_os_func_app.c.obj)
 .iram1.6       0x0000000040800890       0x16 zephyr/libzephyr.a(spi_flash_os_func_app.c.obj)
 .iram1.3       0x00000000408008a6       0x10 zephyr/libzephyr.a(spi_flash_os_func_app.c.obj)
 .iram1.2       0x00000000408008b6       0x10 zephyr/libzephyr.a(spi_flash_os_func_app.c.obj)
 .iram1.5       0x00000000408008c6       0x2a zephyr/libzephyr.a(spi_flash_os_func_app.c.obj)
 .iram1.0       0x00000000408008f0       0x1c zephyr/libzephyr.a(adc_share_hw_ctrl.c.obj)
                0x00000000408008f0                adc_set_hw_calibration_code
 .iram1.1       0x000000004080090c       0x14 zephyr/libzephyr.a(adc_share_hw_ctrl.c.obj)
                0x000000004080090c                adc_get_hw_calibration_chan_compens
 .iram1.1       0x0000000040800920       0x1c zephyr/libzephyr.a(modem_clock.c.obj)
 .iram1.2       0x000000004080093c       0x10 zephyr/libzephyr.a(modem_clock.c.obj)
 .iram1.3       0x000000004080094c       0x76 zephyr/libzephyr.a(modem_clock.c.obj)
 .iram1.4       0x00000000408009c2       0x2c zephyr/libzephyr.a(modem_clock.c.obj)
 .iram1.5       0x00000000408009ee       0x2e zephyr/libzephyr.a(modem_clock.c.obj)
 .iram1.6       0x0000000040800a1c       0x12 zephyr/libzephyr.a(modem_clock.c.obj)
 .iram1.9       0x0000000040800a2e       0x12 zephyr/libzephyr.a(modem_clock.c.obj)
 .iram1.10      0x0000000040800a40       0x18 zephyr/libzephyr.a(modem_clock.c.obj)
 .iram1.11      0x0000000040800a58       0x2a zephyr/libzephyr.a(modem_clock.c.obj)
 .iram1.8       0x0000000040800a82        0x4 zephyr/libzephyr.a(modem_clock.c.obj)
 .iram1.7       0x0000000040800a86        0x4 zephyr/libzephyr.a(modem_clock.c.obj)
 .iram1.12      0x0000000040800a8a        0xa zephyr/libzephyr.a(modem_clock.c.obj)
                0x0000000040800a8a                MODEM_CLOCK_instance
 .iram1.21      0x0000000040800a94       0xc2 zephyr/libzephyr.a(modem_clock.c.obj)
                0x0000000040800a94                modem_clock_module_enable
 .iram1.22      0x0000000040800b56       0x7e zephyr/libzephyr.a(modem_clock.c.obj)
                0x0000000040800b56                modem_clock_module_disable
 .iram1.0       0x0000000040800bd4        0x2 zephyr/libzephyr.a(rtc_module.c.obj)
                0x0000000040800bd4                rtc_isr_noniram_disable
 .iram1.1       0x0000000040800bd6        0x2 zephyr/libzephyr.a(rtc_module.c.obj)
                0x0000000040800bd6                rtc_isr_noniram_enable
 .iram1.2       0x0000000040800bd8       0x1a zephyr/libzephyr.a(regi2c_ctrl.c.obj)
                0x0000000040800bd8                regi2c_ctrl_read_reg_mask
 .iram1.3       0x0000000040800bf2       0x1a zephyr/libzephyr.a(regi2c_ctrl.c.obj)
                0x0000000040800bf2                regi2c_ctrl_write_reg
 .iram1.4       0x0000000040800c0c       0x1a zephyr/libzephyr.a(regi2c_ctrl.c.obj)
                0x0000000040800c0c                regi2c_ctrl_write_reg_mask
 .iram1.0       0x0000000040800c26        0xa zephyr/libzephyr.a(pmu_init.c.obj)
                0x0000000040800c26                PMU_instance
 .iram1.0       0x0000000040800c30      0x11c zephyr/libzephyr.a(esp_rom_uart.c.obj)
                0x0000000040800c30                esp_rom_uart_set_clock_baudrate
 .iram1.0       0x0000000040800d4c       0xcc zephyr/libzephyr.a(esp_rom_hp_regi2c_esp32c6.c.obj)
 .iram1.2       0x0000000040800e18       0x7a zephyr/libzephyr.a(esp_rom_hp_regi2c_esp32c6.c.obj)
                0x0000000040800e18                esp_rom_regi2c_read_mask
                0x0000000040800e18                regi2c_read_mask_impl
 .iram1.3       0x0000000040800e92       0x50 zephyr/libzephyr.a(esp_rom_hp_regi2c_esp32c6.c.obj)
                0x0000000040800e92                regi2c_write_impl
                0x0000000040800e92                esp_rom_regi2c_write
 .iram1.4       0x0000000040800ee2       0xb6 zephyr/libzephyr.a(esp_rom_hp_regi2c_esp32c6.c.obj)
                0x0000000040800ee2                esp_rom_regi2c_write_mask
                0x0000000040800ee2                regi2c_write_mask_impl
 .iram1.0       0x0000000040800f98       0x22 zephyr/libzephyr.a(efuse_hal.c.obj)
                0x0000000040800f98                efuse_hal_chip_revision
 .iram1.1       0x0000000040800fba       0x1e zephyr/libzephyr.a(efuse_hal.c.obj)
                0x0000000040800fba                efuse_hal_blk_version
 .iram1.0       0x0000000040800fd8       0xa4 zephyr/libzephyr.a(modem_clock_hal.c.obj)
                0x0000000040800fd8                modem_clock_hal_set_clock_domain_icg_bitmap
 .iram1.1       0x000000004080107c       0x60 zephyr/libzephyr.a(modem_clock_hal.c.obj)
                0x000000004080107c                modem_clock_hal_get_clock_domain_icg_bitmap
 .iram1.2       0x00000000408010dc       0x18 zephyr/libzephyr.a(modem_clock_hal.c.obj)
                0x00000000408010dc                modem_clock_hal_enable_modem_adc_common_fe_clock
 .iram1.3       0x00000000408010f4       0x18 zephyr/libzephyr.a(modem_clock_hal.c.obj)
                0x00000000408010f4                modem_clock_hal_enable_modem_private_fe_clock
 .iram1.2       0x000000004080110c       0x28 zephyr/libzephyr.a(lp_timer_hal.c.obj)
                0x000000004080110c                lp_timer_hal_get_cycle_count
 .iram1.0       0x0000000040801134       0x1c zephyr/libzephyr.a(cache_utils.c.obj)
                0x0000000040801134                spi_flash_disable_interrupts_caches_and_other_cpu
 .iram1.1       0x0000000040801150       0x20 zephyr/libzephyr.a(cache_utils.c.obj)
                0x0000000040801150                spi_flash_enable_interrupts_caches_and_other_cpu
 .iram1.5       0x0000000040801170        0x6 zephyr/libzephyr.a(cache_utils.c.obj)
                0x0000000040801170                spi_flash_cache_enabled
 .iram1.6       0x0000000040801176       0x52 zephyr/libzephyr.a(bootloader_flash.c.obj)
 .iram1.1       0x00000000408011c8      0x168 zephyr/libzephyr.a(bootloader_flash.c.obj)
                0x00000000408011c8                bootloader_flash_execute_command_common
 .iram1.2       0x0000000040801330        0xe zephyr/libzephyr.a(bootloader_flash.c.obj)
                0x0000000040801330                bootloader_execute_flash_command
 .iram1.0       0x000000004080133e      0x156 zephyr/libzephyr.a(bootloader_flash.c.obj)
                0x000000004080133e                bootloader_flash_unlock
 .iram1.3       0x0000000040801494       0x28 zephyr/libzephyr.a(bootloader_flash.c.obj)
                0x0000000040801494                bootloader_flash_read_sfdp
 .iram1.4       0x00000000408014bc       0x34 zephyr/libzephyr.a(bootloader_flash.c.obj)
                0x00000000408014bc                bootloader_read_flash_id
 .iram1.7       0x00000000408014f0       0xd6 zephyr/libzephyr.a(bootloader_flash.c.obj)
                0x00000000408014f0                bootloader_flash_xmc_startup
 .iram1.0       0x00000000408015c6       0x3e zephyr/drivers/interrupt_controller/libdrivers__interrupt_controller.a(intc_esp32.c.obj)
 .iram1.4       0x0000000040801604       0x74 zephyr/drivers/interrupt_controller/libdrivers__interrupt_controller.a(intc_esp32.c.obj)
                0x0000000040801604                esp_intr_noniram_disable
 .iram1.5       0x0000000040801678       0x52 zephyr/drivers/interrupt_controller/libdrivers__interrupt_controller.a(intc_esp32.c.obj)
                0x0000000040801678                esp_intr_noniram_enable
 .iram1.3       0x00000000408016ca       0xa8 zephyr/drivers/interrupt_controller/libdrivers__interrupt_controller.a(intc_esp32.c.obj)
                0x00000000408016ca                esp_intr_disable
 .iram1.2       0x0000000040801772       0x5a zephyr/drivers/gpio/libdrivers__gpio.a(gpio_esp32.c.obj)
 .iram1.0       0x00000000408017cc      0x236 zephyr/drivers/gpio/libdrivers__gpio.a(gpio_esp32.c.obj)
 .iram1.0       0x0000000040801a02       0x90 zephyr/drivers/timer/libdrivers__timer.a(esp32_sys_timer.c.obj)
 *(SORT_BY_ALIGNMENT(.iram0.literal) SORT_BY_ALIGNMENT(.iram.literal) SORT_BY_ALIGNMENT(.iram.text.literal) SORT_BY_ALIGNMENT(.iram0.text) SORT_BY_ALIGNMENT(.iram.text))
 *libzephyr.a:panic.*(SORT_BY_ALIGNMENT(.literal) SORT_BY_ALIGNMENT(.text) SORT_BY_ALIGNMENT(.literal.*) SORT_BY_ALIGNMENT(.text.*))
 *libzephyr.a:loader.*(SORT_BY_ALIGNMENT(.literal) SORT_BY_ALIGNMENT(.text) SORT_BY_ALIGNMENT(.literal.*) SORT_BY_ALIGNMENT(.text.*))
 .text.map_rom_segments
                0x0000000040801a92      0x2a4 zephyr/libzephyr.a(loader.c.obj)
                0x0000000040801a92                map_rom_segments
 .text.__start  0x0000000040801d36       0x98 zephyr/libzephyr.a(loader.c.obj)
                0x0000000040801d36                __start
 *libzephyr.a:flash_init.*(SORT_BY_ALIGNMENT(.literal) SORT_BY_ALIGNMENT(.text) SORT_BY_ALIGNMENT(.literal.*) SORT_BY_ALIGNMENT(.text.*))
 .text.esp_flash_config
                0x0000000040801dce       0x46 zephyr/libzephyr.a(flash_init.c.obj)
                0x0000000040801dce                esp_flash_config
 *libzephyr.a:soc_flash_init.*(SORT_BY_ALIGNMENT(.literal) SORT_BY_ALIGNMENT(.text) SORT_BY_ALIGNMENT(.literal.*) SORT_BY_ALIGNMENT(.text.*))
 .text.flash_update_id
                0x0000000040801e14       0x1c zephyr/libzephyr.a(soc_flash_init.c.obj)
                0x0000000040801e14                flash_update_id
 .text.flash_cs_timing_config
                0x0000000040801e30       0x1c zephyr/libzephyr.a(soc_flash_init.c.obj)
                0x0000000040801e30                flash_cs_timing_config
 .text.configure_spi_pins
                0x0000000040801e4c       0x56 zephyr/libzephyr.a(soc_flash_init.c.obj)
                0x0000000040801e4c                configure_spi_pins
 .text.init_spi_flash
                0x0000000040801ea2      0x186 zephyr/libzephyr.a(soc_flash_init.c.obj)
                0x0000000040801ea2                init_spi_flash
 *libzephyr.a:console_init.*(SORT_BY_ALIGNMENT(.literal) SORT_BY_ALIGNMENT(.text) SORT_BY_ALIGNMENT(.literal.*) SORT_BY_ALIGNMENT(.text.*))
 .text.esp_console_init
                0x0000000040802028       0x3a zephyr/libzephyr.a(console_init.c.obj)
                0x0000000040802028                esp_console_init
 *libzephyr.a:soc_init.*(SORT_BY_ALIGNMENT(.literal) SORT_BY_ALIGNMENT(.text) SORT_BY_ALIGNMENT(.literal.*) SORT_BY_ALIGNMENT(.text.*))
 .text.print_banner
                0x0000000040802062       0x5e zephyr/libzephyr.a(soc_init.c.obj)
                0x0000000040802062                print_banner
 .text.read_bootloader_header
                0x00000000408020c0       0x3c zephyr/libzephyr.a(soc_init.c.obj)
                0x00000000408020c0                read_bootloader_header
 .text.config_wdt
                0x00000000408020fc       0x64 zephyr/libzephyr.a(soc_init.c.obj)
                0x00000000408020fc                config_wdt
 .text.check_bootloader_validity
                0x0000000040802160       0xc8 zephyr/libzephyr.a(soc_init.c.obj)
                0x0000000040802160                check_bootloader_validity
 .text.soc_hw_init
                0x0000000040802228       0x6e zephyr/libzephyr.a(soc_init.c.obj)
                0x0000000040802228                soc_hw_init
 .text.ana_super_wdt_reset_config
                0x0000000040802296       0x1e zephyr/libzephyr.a(soc_init.c.obj)
                0x0000000040802296                ana_super_wdt_reset_config
 .text.ana_bod_reset_config
                0x00000000408022b4       0x26 zephyr/libzephyr.a(soc_init.c.obj)
                0x00000000408022b4                ana_bod_reset_config
 .text.ana_reset_config
                0x00000000408022da       0x10 zephyr/libzephyr.a(soc_init.c.obj)
                0x00000000408022da                ana_reset_config
 .text.super_wdt_auto_feed
                0x00000000408022ea       0x26 zephyr/libzephyr.a(soc_init.c.obj)
                0x00000000408022ea                super_wdt_auto_feed
 .text.wdt_reset_cpu0_info_enable
                0x0000000040802310       0x20 zephyr/libzephyr.a(soc_init.c.obj)
                0x0000000040802310                wdt_reset_cpu0_info_enable
 .text.check_wdt_reset
                0x0000000040802330       0x4e zephyr/libzephyr.a(soc_init.c.obj)
                0x0000000040802330                check_wdt_reset
 .text.ana_clock_glitch_reset_config
                0x000000004080237e        0x2 zephyr/libzephyr.a(soc_init.c.obj)
                0x000000004080237e                ana_clock_glitch_reset_config
 *libzephyr.a:hw_init.*(SORT_BY_ALIGNMENT(.literal) SORT_BY_ALIGNMENT(.text) SORT_BY_ALIGNMENT(.literal.*) SORT_BY_ALIGNMENT(.text.*))
 .text.hardware_init
                0x0000000040802380       0x82 zephyr/libzephyr.a(hw_init.c.obj)
                0x0000000040802380                hardware_init
 *libzephyr.a:soc_random.*(SORT_BY_ALIGNMENT(.literal) SORT_BY_ALIGNMENT(.text) SORT_BY_ALIGNMENT(.literal.*) SORT_BY_ALIGNMENT(.text.*))
 .text.soc_random_enable
                0x0000000040802402      0x144 zephyr/libzephyr.a(soc_random.c.obj)
                0x0000000040802402                soc_random_enable
 .text.soc_random_disable
                0x0000000040802546       0xe0 zephyr/libzephyr.a(soc_random.c.obj)
                0x0000000040802546                soc_random_disable
 *libarch__riscv__core.a:(SORT_BY_ALIGNMENT(.literal) SORT_BY_ALIGNMENT(.text) SORT_BY_ALIGNMENT(.literal.*) SORT_BY_ALIGNMENT(.text.*))
 *fill*         0x0000000040802626        0x2 
 .text.z_riscv_switch
                0x0000000040802628       0x78 zephyr/arch/arch/riscv/core/libarch__riscv__core.a(switch.S.obj)
                0x0000000040802628                z_riscv_switch
 *fill*         0x00000000408026a0        0x0 
 .text.z_riscv_write_pmp_entries
                0x00000000408026a0      0x18a zephyr/arch/arch/riscv/core/libarch__riscv__core.a(pmp.S.obj)
                0x00000000408026a0                z_riscv_write_pmp_entries
                0x0000000040802816                z_riscv_clear_all_pmp_entries
 .text.arch_cpu_idle
                0x000000004080282a       0x24 zephyr/arch/arch/riscv/core/libarch__riscv__core.a(cpu_idle.c.obj)
                0x000000004080282a                arch_cpu_idle
 .text.z_riscv_get_sp_before_exc
                0x000000004080284e        0x6 zephyr/arch/arch/riscv/core/libarch__riscv__core.a(fatal.c.obj)
                0x000000004080284e                z_riscv_get_sp_before_exc
 .text.z_riscv_fatal_error
                0x0000000040802854      0x19e zephyr/arch/arch/riscv/core/libarch__riscv__core.a(fatal.c.obj)
                0x0000000040802854                z_riscv_fatal_error
 .text.z_riscv_fault
                0x00000000408029f2        0xa zephyr/arch/arch/riscv/core/libarch__riscv__core.a(fatal.c.obj)
                0x00000000408029f2                z_riscv_fault
 .text.z_irq_spurious
                0x00000000408029fc        0xe zephyr/arch/arch/riscv/core/libarch__riscv__core.a(irq_manage.c.obj)
                0x00000000408029fc                z_irq_spurious
 .text.arch_irq_connect_dynamic
                0x0000000040802a0a       0x18 zephyr/arch/arch/riscv/core/libarch__riscv__core.a(irq_manage.c.obj)
                0x0000000040802a0a                arch_irq_connect_dynamic
 .text.arch_new_thread
                0x0000000040802a22       0x4c zephyr/arch/arch/riscv/core/libarch__riscv__core.a(thread.c.obj)
                0x0000000040802a22                arch_new_thread
 .text.arch_coprocessors_disable
                0x0000000040802a6e        0x6 zephyr/arch/arch/riscv/core/libarch__riscv__core.a(thread.c.obj)
                0x0000000040802a6e                arch_coprocessors_disable
 .text.write_pmp_entries.constprop.0
                0x0000000040802a74       0x34 zephyr/arch/arch/riscv/core/libarch__riscv__core.a(pmp.c.obj)
 .text.set_pmp_entry.constprop.0.isra.0
                0x0000000040802aa8       0xe6 zephyr/arch/arch/riscv/core/libarch__riscv__core.a(pmp.c.obj)
 .text.z_riscv_pmp_init
                0x0000000040802b8e       0xca zephyr/arch/arch/riscv/core/libarch__riscv__core.a(pmp.c.obj)
                0x0000000040802b8e                z_riscv_pmp_init
 .text.z_riscv_pmp_kernelmode_prepare
                0x0000000040802c58       0x5e zephyr/arch/arch/riscv/core/libarch__riscv__core.a(pmp.c.obj)
                0x0000000040802c58                z_riscv_pmp_kernelmode_prepare
 .text.z_riscv_pmp_kernelmode_enable
                0x0000000040802cb6       0x38 zephyr/arch/arch/riscv/core/libarch__riscv__core.a(pmp.c.obj)
                0x0000000040802cb6                z_riscv_pmp_kernelmode_enable
 .text.arch_tls_stack_setup
                0x0000000040802cee       0x5c zephyr/arch/arch/riscv/core/libarch__riscv__core.a(tls.c.obj)
                0x0000000040802cee                arch_tls_stack_setup
 .text.in_stack_bound
                0x0000000040802d4a       0x38 zephyr/arch/arch/riscv/core/libarch__riscv__core.a(stacktrace.c.obj)
 .text.walk_stackframe
                0x0000000040802d82       0xc6 zephyr/arch/arch/riscv/core/libarch__riscv__core.a(stacktrace.c.obj)
 .text.print_trace_address
                0x0000000040802e48       0x22 zephyr/arch/arch/riscv/core/libarch__riscv__core.a(stacktrace.c.obj)
 .text.in_fatal_stack_bound
                0x0000000040802e6a       0x36 zephyr/arch/arch/riscv/core/libarch__riscv__core.a(stacktrace.c.obj)
 .text.z_riscv_unwind_stack
                0x0000000040802ea0       0x4a zephyr/arch/arch/riscv/core/libarch__riscv__core.a(stacktrace.c.obj)
                0x0000000040802ea0                z_riscv_unwind_stack
 *libarch__common.a:(SORT_BY_ALIGNMENT(.literal) SORT_BY_ALIGNMENT(.text) SORT_BY_ALIGNMENT(.literal.*) SORT_BY_ALIGNMENT(.text.*))
 .text.z_get_sw_isr_table_idx
                0x0000000040802eea        0x2 zephyr/arch/common/libarch__common.a(sw_isr_common.c.obj)
                0x0000000040802eea                z_get_sw_isr_table_idx
 .text.z_isr_install
                0x0000000040802eec       0x28 zephyr/arch/common/libarch__common.a(dynamic_isr.c.obj)
                0x0000000040802eec                z_isr_install
 .text.arch_early_memset
                0x0000000040802f14        0x8 zephyr/arch/common/libarch__common.a(init.c.obj)
                0x0000000040802f14                arch_early_memset
 .text.arch_bss_zero
                0x0000000040802f1c       0x1c zephyr/arch/common/libarch__common.a(init.c.obj)
                0x0000000040802f1c                arch_bss_zero
 *libkernel.a:(SORT_BY_ALIGNMENT(.literal) SORT_BY_ALIGNMENT(.text) SORT_BY_ALIGNMENT(.literal.*) SORT_BY_ALIGNMENT(.text.*))
 .text.do_device_init
                0x0000000040802f38       0x48 zephyr/kernel/libkernel.a(device.c.obj)
                0x0000000040802f38                do_device_init
 .text.z_impl_device_is_ready
                0x0000000040802f80       0x1c zephyr/kernel/libkernel.a(device.c.obj)
                0x0000000040802f80                z_impl_device_is_ready
 .text.arch_system_halt
                0x0000000040802f9c        0x6 zephyr/kernel/libkernel.a(fatal.c.obj)
                0x0000000040802f9c                arch_system_halt
 .text.k_sys_fatal_error_handler
                0x0000000040802fa2        0x6 zephyr/kernel/libkernel.a(fatal.c.obj)
                0x0000000040802fa2                k_sys_fatal_error_handler
 .text.z_fatal_error
                0x0000000040802fa8       0x2c zephyr/kernel/libkernel.a(fatal.c.obj)
                0x0000000040802fa8                z_fatal_error
 .text.z_sys_init_run_level
                0x0000000040802fd4       0x42 zephyr/kernel/libkernel.a(init.c.obj)
 .text.bg_thread_main
                0x0000000040803016       0xc4 zephyr/kernel/libkernel.a(init.c.obj)
 .text.z_init_cpu
                0x00000000408030da       0x86 zephyr/kernel/libkernel.a(init.c.obj)
                0x00000000408030da                z_init_cpu
 .text.z_cstart
                0x0000000040803160       0xb2 zephyr/kernel/libkernel.a(init.c.obj)
                0x0000000040803160                z_cstart
 .text.idle     0x0000000040803212        0xe zephyr/kernel/libkernel.a(idle.c.obj)
                0x0000000040803212                idle
 .text.z_setup_new_thread
                0x0000000040803220       0x98 zephyr/kernel/libkernel.a(thread.c.obj)
                0x0000000040803220                z_setup_new_thread
 .text.z_dummy_thread_init
                0x00000000408032b8       0x32 zephyr/kernel/libkernel.a(thread.c.obj)
                0x00000000408032b8                z_dummy_thread_init
 .text.sys_dlist_remove
                0x00000000408032ea       0x12 zephyr/kernel/libkernel.a(sched.c.obj)
 .text.unpend_thread_no_timeout
                0x00000000408032fc       0x20 zephyr/kernel/libkernel.a(sched.c.obj)
 .text.ready_thread
                0x000000004080331c       0xa8 zephyr/kernel/libkernel.a(sched.c.obj)
 .text.unready_thread
                0x00000000408033c4       0x76 zephyr/kernel/libkernel.a(sched.c.obj)
 .text.z_swap   0x000000004080343a       0x64 zephyr/kernel/libkernel.a(sched.c.obj)
 .text.move_current_to_end_of_prio_q
                0x000000004080349e       0x8a zephyr/kernel/libkernel.a(sched.c.obj)
                0x000000004080349e                move_current_to_end_of_prio_q
 .text.z_ready_thread
                0x0000000040803528       0x1c zephyr/kernel/libkernel.a(sched.c.obj)
                0x0000000040803528                z_ready_thread
 .text.z_unpend_thread_no_timeout
                0x0000000040803544       0x20 zephyr/kernel/libkernel.a(sched.c.obj)
                0x0000000040803544                z_unpend_thread_no_timeout
 .text.z_sched_wake_thread
                0x0000000040803564       0x40 zephyr/kernel/libkernel.a(sched.c.obj)
                0x0000000040803564                z_sched_wake_thread
 .text.z_thread_timeout
                0x00000000408035a4        0x6 zephyr/kernel/libkernel.a(sched.c.obj)
                0x00000000408035a4                z_thread_timeout
 .text.z_unpend_thread
                0x00000000408035aa       0x18 zephyr/kernel/libkernel.a(sched.c.obj)
                0x00000000408035aa                z_unpend_thread
 .text.z_reschedule
                0x00000000408035c2       0x24 zephyr/kernel/libkernel.a(sched.c.obj)
                0x00000000408035c2                z_reschedule
 .text.z_reschedule_irqlock
                0x00000000408035e6       0x52 zephyr/kernel/libkernel.a(sched.c.obj)
                0x00000000408035e6                z_reschedule_irqlock
 .text.k_sched_lock
                0x0000000040803638       0x20 zephyr/kernel/libkernel.a(sched.c.obj)
                0x0000000040803638                k_sched_lock
 .text.k_sched_unlock
                0x0000000040803658       0x70 zephyr/kernel/libkernel.a(sched.c.obj)
                0x0000000040803658                k_sched_unlock
 .text.z_swap_next_thread
                0x00000000408036c8        0xc zephyr/kernel/libkernel.a(sched.c.obj)
                0x00000000408036c8                z_swap_next_thread
 .text.z_get_next_switch_handle
                0x00000000408036d4       0x18 zephyr/kernel/libkernel.a(sched.c.obj)
                0x00000000408036d4                z_get_next_switch_handle
 .text.z_unpend_all
                0x00000000408036ec       0x30 zephyr/kernel/libkernel.a(sched.c.obj)
                0x00000000408036ec                z_unpend_all
 .text.z_sched_init
                0x000000004080371c       0x16 zephyr/kernel/libkernel.a(sched.c.obj)
                0x000000004080371c                z_sched_init
 .text.z_impl_k_yield
                0x0000000040803732       0x9c zephyr/kernel/libkernel.a(sched.c.obj)
                0x0000000040803732                z_impl_k_yield
 .text.z_tick_sleep
                0x00000000408037ce       0x84 zephyr/kernel/libkernel.a(sched.c.obj)
 .text.z_impl_k_sleep
                0x0000000040803852       0x32 zephyr/kernel/libkernel.a(sched.c.obj)
                0x0000000040803852                z_impl_k_sleep
 .text.z_impl_k_wakeup
                0x0000000040803884       0x46 zephyr/kernel/libkernel.a(sched.c.obj)
                0x0000000040803884                z_impl_k_wakeup
 .text.z_impl_k_sched_current_thread_query
                0x00000000408038ca        0xc zephyr/kernel/libkernel.a(sched.c.obj)
                0x00000000408038ca                z_impl_k_sched_current_thread_query
 .text.z_thread_abort
                0x00000000408038d6      0x148 zephyr/kernel/libkernel.a(sched.c.obj)
                0x00000000408038d6                z_thread_abort
 .text.z_impl_k_thread_abort
                0x0000000040803a1e        0x4 zephyr/kernel/libkernel.a(sched.c.obj)
                0x0000000040803a1e                z_impl_k_thread_abort
 .text.z_time_slice_size
                0x0000000040803a22       0x40 zephyr/kernel/libkernel.a(timeslicing.c.obj)
 .text.slice_timeout
                0x0000000040803a62       0x2c zephyr/kernel/libkernel.a(timeslicing.c.obj)
 .text.z_reset_time_slice
                0x0000000040803a8e       0x64 zephyr/kernel/libkernel.a(timeslicing.c.obj)
                0x0000000040803a8e                z_reset_time_slice
 .text.z_time_slice
                0x0000000040803af2       0x54 zephyr/kernel/libkernel.a(timeslicing.c.obj)
                0x0000000040803af2                z_time_slice
 .text.first    0x0000000040803b46        0xe zephyr/kernel/libkernel.a(timeout.c.obj)
 .text.next_timeout
                0x0000000040803b54       0x40 zephyr/kernel/libkernel.a(timeout.c.obj)
 .text.elapsed  0x0000000040803b94       0x16 zephyr/kernel/libkernel.a(timeout.c.obj)
 .text.remove_timeout
                0x0000000040803baa       0x38 zephyr/kernel/libkernel.a(timeout.c.obj)
 .text.z_add_timeout
                0x0000000040803be2      0x164 zephyr/kernel/libkernel.a(timeout.c.obj)
                0x0000000040803be2                z_add_timeout
 .text.z_abort_timeout
                0x0000000040803d46       0x58 zephyr/kernel/libkernel.a(timeout.c.obj)
                0x0000000040803d46                z_abort_timeout
 .text.sys_clock_announce
                0x0000000040803d9e       0xd2 zephyr/kernel/libkernel.a(timeout.c.obj)
                0x0000000040803d9e                sys_clock_announce
 .text.sys_clock_tick_get
                0x0000000040803e70       0x38 zephyr/kernel/libkernel.a(timeout.c.obj)
                0x0000000040803e70                sys_clock_tick_get
 .text.sys_clock_tick_get_32
                0x0000000040803ea8        0xe zephyr/kernel/libkernel.a(timeout.c.obj)
                0x0000000040803ea8                sys_clock_tick_get_32
 .text.z_impl_k_uptime_ticks
                0x0000000040803eb6        0x4 zephyr/kernel/libkernel.a(timeout.c.obj)
                0x0000000040803eb6                z_impl_k_uptime_ticks
 .text.z_alloc_helper
                0x0000000040803eba       0x3a zephyr/kernel/libkernel.a(mempool.c.obj)
 .text.k_free   0x0000000040803ef4        0xe zephyr/kernel/libkernel.a(mempool.c.obj)
                0x0000000040803ef4                k_free
 .text.k_malloc
                0x0000000040803f02       0x18 zephyr/kernel/libkernel.a(mempool.c.obj)
                0x0000000040803f02                k_malloc
 .text.k_calloc
                0x0000000040803f1a       0x36 zephyr/kernel/libkernel.a(mempool.c.obj)
                0x0000000040803f1a                k_calloc
 .text.k_thread_system_pool_assign
                0x0000000040803f50        0xe zephyr/kernel/libkernel.a(mempool.c.obj)
                0x0000000040803f50                k_thread_system_pool_assign
 .text.boot_banner
                0x0000000040803f5e        0xa zephyr/kernel/libkernel.a(banner.c.obj)
                0x0000000040803f5e                boot_banner
 .text.k_heap_init
                0x0000000040803f68       0x10 zephyr/kernel/libkernel.a(kheap.c.obj)
                0x0000000040803f68                k_heap_init
 .text.statics_init
                0x0000000040803f78       0x36 zephyr/kernel/libkernel.a(kheap.c.obj)
 .text.k_heap_free
                0x0000000040803fae       0x42 zephyr/kernel/libkernel.a(kheap.c.obj)
                0x0000000040803fae                k_heap_free
 *libgcc.a:lib2funcs.*(SORT_BY_ALIGNMENT(.literal) SORT_BY_ALIGNMENT(.text) SORT_BY_ALIGNMENT(.literal.*) SORT_BY_ALIGNMENT(.text.*))
 *libdrivers__flash.a:flash_esp32.*(SORT_BY_ALIGNMENT(.literal) SORT_BY_ALIGNMENT(.text) SORT_BY_ALIGNMENT(.literal.*) SORT_BY_ALIGNMENT(.text.*))
 *libzephyr.a:log_noos.*(SORT_BY_ALIGNMENT(.literal) SORT_BY_ALIGNMENT(.text) SORT_BY_ALIGNMENT(.literal.*) SORT_BY_ALIGNMENT(.text.*))
 .text.esp_log_impl_lock
                0x0000000040803ff0       0x1e zephyr/libzephyr.a(log_noos.c.obj)
                0x0000000040803ff0                esp_log_impl_lock
 .text.esp_log_impl_lock_timeout
                0x000000004080400e       0x10 zephyr/libzephyr.a(log_noos.c.obj)
                0x000000004080400e                esp_log_impl_lock_timeout
 .text.esp_log_impl_unlock
                0x000000004080401e       0x20 zephyr/libzephyr.a(log_noos.c.obj)
                0x000000004080401e                esp_log_impl_unlock
 .text.esp_log_early_timestamp
                0x000000004080403e       0x26 zephyr/libzephyr.a(log_noos.c.obj)
                0x000000004080403e                esp_log_timestamp
                0x000000004080403e                esp_log_early_timestamp
 *libdrivers__timer.a:esp32c6_sys_timer.*(SORT_BY_ALIGNMENT(.literal) SORT_BY_ALIGNMENT(.text) SORT_BY_ALIGNMENT(.literal.*) SORT_BY_ALIGNMENT(.text.*))
 *libzephyr.a:log_core.*(SORT_BY_ALIGNMENT(.literal) SORT_BY_ALIGNMENT(.text) SORT_BY_ALIGNMENT(.literal.*) SORT_BY_ALIGNMENT(.text.*))
 *libzephyr.a:cbprintf_complete.*(SORT_BY_ALIGNMENT(.literal) SORT_BY_ALIGNMENT(.text) SORT_BY_ALIGNMENT(.literal.*) SORT_BY_ALIGNMENT(.text.*))
 *libzephyr.a:printk.*(SORT_BY_ALIGNMENT(.literal.printk) SORT_BY_ALIGNMENT(.literal.vprintk) SORT_BY_ALIGNMENT(.literal.char_out) SORT_BY_ALIGNMENT(.text.printk) SORT_BY_ALIGNMENT(.text.vprintk) SORT_BY_ALIGNMENT(.text.char_out))
 .text.char_out
                0x0000000040804064        0xa zephyr/libzephyr.a(printk.c.obj)
 .text.vprintk  0x000000004080406e       0x30 zephyr/libzephyr.a(printk.c.obj)
                0x000000004080406e                vprintk
 .text.printk   0x000000004080409e       0x20 zephyr/libzephyr.a(printk.c.obj)
                0x000000004080409e                printk
 *libzephyr.a:log_msg.*(SORT_BY_ALIGNMENT(.literal) SORT_BY_ALIGNMENT(.text) SORT_BY_ALIGNMENT(.literal.*) SORT_BY_ALIGNMENT(.text.*))
 *libzephyr.a:log_list.*(SORT_BY_ALIGNMENT(.literal) SORT_BY_ALIGNMENT(.text) SORT_BY_ALIGNMENT(.literal.*) SORT_BY_ALIGNMENT(.text.*))
 *libdrivers__console.a:uart_console.*(SORT_BY_ALIGNMENT(.literal.console_out) SORT_BY_ALIGNMENT(.text.console_out))
 .text.console_out
                0x00000000408040be       0x46 zephyr/drivers/console/libdrivers__console.a(uart_console.c.obj)
 *libzephyr.a:log_output.*(SORT_BY_ALIGNMENT(.literal) SORT_BY_ALIGNMENT(.text) SORT_BY_ALIGNMENT(.literal.*) SORT_BY_ALIGNMENT(.text.*))
 *libzephyr.a:log_backend_uart.*(SORT_BY_ALIGNMENT(.literal) SORT_BY_ALIGNMENT(.text) SORT_BY_ALIGNMENT(.literal.*) SORT_BY_ALIGNMENT(.text.*))
 *libzephyr.a:rtc_*.*(SORT_BY_ALIGNMENT(.literal) SORT_BY_ALIGNMENT(.text) SORT_BY_ALIGNMENT(.literal.*) SORT_BY_ALIGNMENT(.text.*))
 .text.rtc_clk_cpu_freq_to_xtal
                0x0000000040804104       0x4a zephyr/libzephyr.a(rtc_clk.c.obj)
 .text.rtc_clk_cpu_freq_to_pll_mhz
                0x000000004080414e       0x64 zephyr/libzephyr.a(rtc_clk.c.obj)
 .text.rtc_clk_cpu_freq_to_8m
                0x00000000408041b2       0x48 zephyr/libzephyr.a(rtc_clk.c.obj)
 .text.rtc_clk_32k_enable.part.0
                0x00000000408041fa       0x54 zephyr/libzephyr.a(rtc_clk.c.obj)
 .text.rtc_clk_32k_enable
                0x000000004080424e       0x1c zephyr/libzephyr.a(rtc_clk.c.obj)
                0x000000004080424e                rtc_clk_32k_enable
 .text.rtc_clk_32k_enable_external
                0x000000004080426a       0x1a zephyr/libzephyr.a(rtc_clk.c.obj)
                0x000000004080426a                rtc_clk_32k_enable_external
 .text.rtc_clk_rc32k_enable
                0x0000000040804284       0x2c zephyr/libzephyr.a(rtc_clk.c.obj)
                0x0000000040804284                rtc_clk_rc32k_enable
 .text.rtc_clk_8m_enable
                0x00000000408042b0       0x2c zephyr/libzephyr.a(rtc_clk.c.obj)
                0x00000000408042b0                rtc_clk_8m_enable
 .text.rtc_clk_slow_src_set
                0x00000000408042dc       0x54 zephyr/libzephyr.a(rtc_clk.c.obj)
                0x00000000408042dc                rtc_clk_slow_src_set
 .text.rtc_clk_slow_src_get
                0x0000000040804330        0xc zephyr/libzephyr.a(rtc_clk.c.obj)
                0x0000000040804330                rtc_clk_slow_src_get
 .text.rtc_clk_fast_src_set
                0x000000004080433c       0x34 zephyr/libzephyr.a(rtc_clk.c.obj)
                0x000000004080433c                rtc_clk_fast_src_set
 .text.rtc_clk_set_cpu_switch_to_bbpll
                0x0000000040804370        0x2 zephyr/libzephyr.a(rtc_clk.c.obj)
                0x0000000040804370                rtc_clk_set_cpu_switch_to_bbpll
 .text.rtc_clk_xtal_freq_get
                0x0000000040804372       0xa0 zephyr/libzephyr.a(rtc_clk.c.obj)
                0x0000000040804372                rtc_get_xtal
                0x0000000040804372                rtc_clk_xtal_freq_get
 .text.rtc_clk_cpu_freq_mhz_to_config
                0x0000000040804412       0x6c zephyr/libzephyr.a(rtc_clk.c.obj)
                0x0000000040804412                rtc_clk_cpu_freq_mhz_to_config
 .text.rtc_clk_cpu_freq_set_config
                0x000000004080447e      0x194 zephyr/libzephyr.a(rtc_clk.c.obj)
                0x000000004080447e                rtc_clk_cpu_freq_set_config
 .text.rtc_clk_cpu_freq_get_config
                0x0000000040804612      0x108 zephyr/libzephyr.a(rtc_clk.c.obj)
                0x0000000040804612                rtc_clk_cpu_freq_get_config
 .text.rtc_clk_cpu_set_to_default_config
                0x000000004080471a       0x1c zephyr/libzephyr.a(rtc_clk.c.obj)
                0x000000004080471a                rtc_clk_cpu_set_to_default_config
 .text.rtc_clk_cpu_freq_set_xtal
                0x0000000040804736       0x16 zephyr/libzephyr.a(rtc_clk.c.obj)
                0x0000000040804736                rtc_clk_cpu_freq_set_xtal
 .text.rtc_clk_xtal_freq_update
                0x000000004080474c       0x26 zephyr/libzephyr.a(rtc_clk.c.obj)
                0x000000004080474c                rtc_clk_xtal_freq_update
 .text.rtc_clk_apb_freq_get
                0x0000000040804772       0xee zephyr/libzephyr.a(rtc_clk.c.obj)
                0x0000000040804772                rtc_clk_apb_freq_get
 .text.rtc_dig_clk8m_enable
                0x0000000040804860       0x1c zephyr/libzephyr.a(rtc_clk.c.obj)
                0x0000000040804860                rtc_dig_clk8m_enable
 .text.rtc_dig_clk8m_disable
                0x000000004080487c       0x1a zephyr/libzephyr.a(rtc_clk.c.obj)
                0x000000004080487c                rtc_dig_clk8m_disable
 .text.rtc_clk_modem_clock_domain_active_state_icg_map_preinit
                0x0000000040804896       0x70 zephyr/libzephyr.a(rtc_clk_init.c.obj)
                0x0000000040804896                rtc_clk_modem_clock_domain_active_state_icg_map_preinit
 .text.rtc_clk_init
                0x0000000040804906      0x1c0 zephyr/libzephyr.a(rtc_clk_init.c.obj)
                0x0000000040804906                rtc_clk_init
 .text.rtc_clk_cal
                0x0000000040804ac6      0x4e8 zephyr/libzephyr.a(rtc_time.c.obj)
                0x0000000040804ac6                rtc_clk_cal
 .text.rtc_time_us_to_slowclk
                0x0000000040804fae       0x94 zephyr/libzephyr.a(rtc_time.c.obj)
                0x0000000040804fae                rtc_time_us_to_slowclk
 .text.rtc_time_get
                0x0000000040805042        0x4 zephyr/libzephyr.a(rtc_time.c.obj)
                0x0000000040805042                rtc_time_get
 .text.rtc_clk_freq_cal
                0x0000000040805046       0x22 zephyr/libzephyr.a(rtc_time.c.obj)
                0x0000000040805046                rtc_clk_freq_cal
 *libzephyr.a:periph_ctrl.*(SORT_BY_ALIGNMENT(.literal) SORT_BY_ALIGNMENT(.text) SORT_BY_ALIGNMENT(.literal.*) SORT_BY_ALIGNMENT(.text.*))
 .text.periph_ll_get_rst_en_mask
                0x0000000040805068       0x52 zephyr/libzephyr.a(periph_ctrl.c.obj)
 .text.periph_module_enable
                0x00000000408050ba       0xa8 zephyr/libzephyr.a(periph_ctrl.c.obj)
                0x00000000408050ba                periph_module_enable
 .text.periph_module_disable
                0x0000000040805162       0x8c zephyr/libzephyr.a(periph_ctrl.c.obj)
                0x0000000040805162                periph_module_disable
 *libzephyr.a:regi2c_ctrl.*(SORT_BY_ALIGNMENT(.literal) SORT_BY_ALIGNMENT(.text) SORT_BY_ALIGNMENT(.literal.*) SORT_BY_ALIGNMENT(.text.*))
 *libgcov.a:(SORT_BY_ALIGNMENT(.literal) SORT_BY_ALIGNMENT(.text) SORT_BY_ALIGNMENT(.literal.*) SORT_BY_ALIGNMENT(.text.*))
 *libphy.a:(SORT_BY_ALIGNMENT(.phyiram) SORT_BY_ALIGNMENT(.phyiram.*))
 *librtc.a:(SORT_BY_ALIGNMENT(.literal) SORT_BY_ALIGNMENT(.text) SORT_BY_ALIGNMENT(.literal.*) SORT_BY_ALIGNMENT(.text.*))
 *libzephyr.a:efuse_hal.*(SORT_BY_ALIGNMENT(.literal) SORT_BY_ALIGNMENT(.text) SORT_BY_ALIGNMENT(.literal.*) SORT_BY_ALIGNMENT(.text.*))
 .text.efuse_hal_get_major_chip_version
                0x00000000408051ee       0x10 zephyr/libzephyr.a(efuse_hal.c.obj)
                0x00000000408051ee                efuse_hal_get_major_chip_version
 .text.efuse_hal_get_minor_chip_version
                0x00000000408051fe       0x10 zephyr/libzephyr.a(efuse_hal.c.obj)
                0x00000000408051fe                efuse_hal_get_minor_chip_version
 *libzephyr.a:mmu_hal.*(SORT_BY_ALIGNMENT(.literal) SORT_BY_ALIGNMENT(.text) SORT_BY_ALIGNMENT(.literal.*) SORT_BY_ALIGNMENT(.text.*))
 .text.mmu_ll_check_valid_paddr_region.constprop.0.isra.0
                0x000000004080520e       0x5a zephyr/libzephyr.a(mmu_hal.c.obj)
 .text.mmu_hal_unmap_all
                0x0000000040805268       0x20 zephyr/libzephyr.a(mmu_hal.c.obj)
                0x0000000040805268                mmu_hal_unmap_all
 .text.mmu_hal_init
                0x0000000040805288       0x22 zephyr/libzephyr.a(mmu_hal.c.obj)
                0x0000000040805288                mmu_hal_init
 .text.mmu_hal_pages_to_bytes
                0x00000000408052aa       0x28 zephyr/libzephyr.a(mmu_hal.c.obj)
                0x00000000408052aa                mmu_hal_pages_to_bytes
 .text.mmu_hal_map_region
                0x00000000408052d2       0xec zephyr/libzephyr.a(mmu_hal.c.obj)
                0x00000000408052d2                mmu_hal_map_region
 .text.mmu_hal_paddr_to_vaddr
                0x00000000408053be       0xca zephyr/libzephyr.a(mmu_hal.c.obj)
                0x00000000408053be                mmu_hal_paddr_to_vaddr
 .text.mmu_hal_check_valid_ext_vaddr_region
                0x0000000040805488       0x1e zephyr/libzephyr.a(mmu_hal.c.obj)
                0x0000000040805488                mmu_hal_check_valid_ext_vaddr_region
 *libzephyr.a:spi_flash_hal_iram.*(SORT_BY_ALIGNMENT(.literal) SORT_BY_ALIGNMENT(.literal.*) SORT_BY_ALIGNMENT(.text) SORT_BY_ALIGNMENT(.text.*))
 .text.spimem_flash_ll_set_buffer_data
                0x00000000408054a6       0x6a zephyr/libzephyr.a(spi_flash_hal_iram.c.obj)
 .text.spimem_flash_ll_get_buffer_data
                0x0000000040805510       0x8c zephyr/libzephyr.a(spi_flash_hal_iram.c.obj)
 .text.spi_flash_hal_poll_cmd_done
                0x000000004080559c        0x8 zephyr/libzephyr.a(spi_flash_hal_iram.c.obj)
                0x000000004080559c                spi_flash_hal_poll_cmd_done
 .text.spi_flash_hal_configure_host_io_mode
                0x00000000408055a4      0x17a zephyr/libzephyr.a(spi_flash_hal_iram.c.obj)
                0x00000000408055a4                spi_flash_hal_configure_host_io_mode
 .text.spi_flash_hal_common_command
                0x000000004080571e       0xfe zephyr/libzephyr.a(spi_flash_hal_iram.c.obj)
                0x000000004080571e                spi_flash_hal_common_command
 .text.spi_flash_hal_read
                0x000000004080581c       0x6e zephyr/libzephyr.a(spi_flash_hal_iram.c.obj)
                0x000000004080581c                spi_flash_hal_read
 .text.spi_flash_hal_erase_chip
                0x000000004080588a       0x1a zephyr/libzephyr.a(spi_flash_hal_iram.c.obj)
                0x000000004080588a                spi_flash_hal_erase_chip
 .text.spi_flash_hal_erase_sector
                0x00000000408058a4       0x3e zephyr/libzephyr.a(spi_flash_hal_iram.c.obj)
                0x00000000408058a4                spi_flash_hal_erase_sector
 .text.spi_flash_hal_erase_block
                0x00000000408058e2       0x38 zephyr/libzephyr.a(spi_flash_hal_iram.c.obj)
                0x00000000408058e2                spi_flash_hal_erase_block
 .text.spi_flash_hal_program_page
                0x000000004080591a       0x60 zephyr/libzephyr.a(spi_flash_hal_iram.c.obj)
                0x000000004080591a                spi_flash_hal_program_page
 .text.spi_flash_hal_set_write_protect
                0x000000004080597a       0x24 zephyr/libzephyr.a(spi_flash_hal_iram.c.obj)
                0x000000004080597a                spi_flash_hal_set_write_protect
 .text.spi_flash_hal_check_status
                0x000000004080599e       0x16 zephyr/libzephyr.a(spi_flash_hal_iram.c.obj)
                0x000000004080599e                spi_flash_hal_check_status
 .text.spi_flash_hal_setup_read_suspend
                0x00000000408059b4       0x98 zephyr/libzephyr.a(spi_flash_hal_iram.c.obj)
                0x00000000408059b4                spi_flash_hal_setup_read_suspend
 .text.spi_flash_hal_setup_auto_suspend_mode
                0x0000000040805a4c       0x54 zephyr/libzephyr.a(spi_flash_hal_iram.c.obj)
                0x0000000040805a4c                spi_flash_hal_setup_auto_suspend_mode
 .text.spi_flash_hal_setup_auto_resume_mode
                0x0000000040805aa0       0x2a zephyr/libzephyr.a(spi_flash_hal_iram.c.obj)
                0x0000000040805aa0                spi_flash_hal_setup_auto_resume_mode
 .text.spi_flash_hal_disable_auto_suspend_mode
                0x0000000040805aca       0x52 zephyr/libzephyr.a(spi_flash_hal_iram.c.obj)
                0x0000000040805aca                spi_flash_hal_disable_auto_suspend_mode
 .text.spi_flash_hal_disable_auto_resume_mode
                0x0000000040805b1c       0x2a zephyr/libzephyr.a(spi_flash_hal_iram.c.obj)
                0x0000000040805b1c                spi_flash_hal_disable_auto_resume_mode
 .text.spi_flash_hal_device_config
                0x0000000040805b46       0xa6 zephyr/libzephyr.a(spi_flash_hal_iram.c.obj)
                0x0000000040805b46                spi_flash_hal_device_config
 .text.spi_flash_hal_resume
                0x0000000040805bec       0x10 zephyr/libzephyr.a(spi_flash_hal_iram.c.obj)
                0x0000000040805bec                spi_flash_hal_resume
 .text.spi_flash_hal_suspend
                0x0000000040805bfc       0x10 zephyr/libzephyr.a(spi_flash_hal_iram.c.obj)
                0x0000000040805bfc                spi_flash_hal_suspend
 *libzephyr.a:spi_flash_encrypt_hal_iram.*(SORT_BY_ALIGNMENT(.literal) SORT_BY_ALIGNMENT(.text) SORT_BY_ALIGNMENT(.literal.*) SORT_BY_ALIGNMENT(.text.*))
 .text.spi_flash_encryption_hal_enable
                0x0000000040805c0c       0x1c zephyr/libzephyr.a(spi_flash_encrypt_hal_iram.c.obj)
                0x0000000040805c0c                spi_flash_encryption_hal_enable
 .text.spi_flash_encryption_hal_disable
                0x0000000040805c28        0xc zephyr/libzephyr.a(spi_flash_encrypt_hal_iram.c.obj)
                0x0000000040805c28                spi_flash_encryption_hal_disable
 .text.spi_flash_encryption_hal_prepare
                0x0000000040805c34       0x58 zephyr/libzephyr.a(spi_flash_encrypt_hal_iram.c.obj)
                0x0000000040805c34                spi_flash_encryption_hal_prepare
 .text.spi_flash_encryption_hal_done
                0x0000000040805c8c       0x32 zephyr/libzephyr.a(spi_flash_encrypt_hal_iram.c.obj)
                0x0000000040805c8c                spi_flash_encryption_hal_done
 .text.spi_flash_encryption_hal_destroy
                0x0000000040805cbe       0x12 zephyr/libzephyr.a(spi_flash_encrypt_hal_iram.c.obj)
                0x0000000040805cbe                spi_flash_encryption_hal_destroy
 .text.spi_flash_encryption_hal_check
                0x0000000040805cd0        0xa zephyr/libzephyr.a(spi_flash_encrypt_hal_iram.c.obj)
                0x0000000040805cd0                spi_flash_encryption_hal_check
 *libzephyr.a:cache_hal.*(SORT_BY_ALIGNMENT(.literal) SORT_BY_ALIGNMENT(.text) SORT_BY_ALIGNMENT(.literal.*) SORT_BY_ALIGNMENT(.text.*))
 .text.cache_hal_init
                0x0000000040805cda       0x46 zephyr/libzephyr.a(cache_hal.c.obj)
                0x0000000040805cda                cache_hal_init
 .text.cache_hal_disable
                0x0000000040805d20       0x1e zephyr/libzephyr.a(cache_hal.c.obj)
                0x0000000040805d20                cache_hal_disable
 .text.cache_hal_enable
                0x0000000040805d3e       0x26 zephyr/libzephyr.a(cache_hal.c.obj)
                0x0000000040805d3e                cache_hal_enable
 .text.cache_hal_suspend
                0x0000000040805d64       0x1e zephyr/libzephyr.a(cache_hal.c.obj)
                0x0000000040805d64                cache_hal_suspend
 .text.cache_hal_resume
                0x0000000040805d82       0x26 zephyr/libzephyr.a(cache_hal.c.obj)
                0x0000000040805d82                cache_hal_resume
 .text.cache_hal_is_cache_enabled
                0x0000000040805da8        0xe zephyr/libzephyr.a(cache_hal.c.obj)
                0x0000000040805da8                cache_hal_is_cache_enabled
 .text.cache_hal_invalidate_addr
                0x0000000040805db6       0x2c zephyr/libzephyr.a(cache_hal.c.obj)
                0x0000000040805db6                cache_hal_invalidate_addr
 *libzephyr.a:ledc_hal_iram.*(SORT_BY_ALIGNMENT(.literal) SORT_BY_ALIGNMENT(.text) SORT_BY_ALIGNMENT(.literal.*) SORT_BY_ALIGNMENT(.text.*))
 *libzephyr.a:i2c_hal_iram.*(SORT_BY_ALIGNMENT(.literal) SORT_BY_ALIGNMENT(.text) SORT_BY_ALIGNMENT(.literal.*) SORT_BY_ALIGNMENT(.text.*))
 *libzephyr.a:wdt_hal_iram.*(SORT_BY_ALIGNMENT(.literal) SORT_BY_ALIGNMENT(.text) SORT_BY_ALIGNMENT(.literal.*) SORT_BY_ALIGNMENT(.text.*))
 *libzephyr.a:systimer_hal.*(SORT_BY_ALIGNMENT(.literal) SORT_BY_ALIGNMENT(.text) SORT_BY_ALIGNMENT(.literal.*) SORT_BY_ALIGNMENT(.text.*))
 *libzephyr.a:spi_flash_hal_gpspi.*(SORT_BY_ALIGNMENT(.literal) SORT_BY_ALIGNMENT(.literal.*) SORT_BY_ALIGNMENT(.text) SORT_BY_ALIGNMENT(.text.*))
 .text.gpspi_flash_ll_get_buffer_data
                0x0000000040805de2       0x8c zephyr/libzephyr.a(spi_flash_hal_gpspi.c.obj)
 .text.spi_flash_hal_gpspi_poll_cmd_done
                0x0000000040805e6e        0xc zephyr/libzephyr.a(spi_flash_hal_gpspi.c.obj)
                0x0000000040805e6e                spi_flash_hal_gpspi_poll_cmd_done
 .text.spi_flash_hal_gpspi_device_config
                0x0000000040805e7a       0xca zephyr/libzephyr.a(spi_flash_hal_gpspi.c.obj)
                0x0000000040805e7a                spi_flash_hal_gpspi_device_config
 .text.spi_flash_hal_gpspi_configure_host_io_mode
                0x0000000040805f44      0x180 zephyr/libzephyr.a(spi_flash_hal_gpspi.c.obj)
                0x0000000040805f44                spi_flash_hal_gpspi_configure_host_io_mode
 .text.spi_flash_hal_gpspi_common_command
                0x00000000408060c4      0x18a zephyr/libzephyr.a(spi_flash_hal_gpspi.c.obj)
                0x00000000408060c4                spi_flash_hal_gpspi_common_command
 .text.spi_flash_hal_gpspi_read
                0x000000004080624e       0xb0 zephyr/libzephyr.a(spi_flash_hal_gpspi.c.obj)
                0x000000004080624e                spi_flash_hal_gpspi_read
 .text.spi_flash_hal_gpspi_supports_direct_write
                0x00000000408062fe        0x4 zephyr/libzephyr.a(spi_flash_hal_gpspi.c.obj)
                0x00000000408062fe                spi_flash_hal_gpspi_supports_direct_write
 .text.spi_flash_hal_gpspi_supports_direct_read
                0x0000000040806302        0x4 zephyr/libzephyr.a(spi_flash_hal_gpspi.c.obj)
                0x0000000040806302                spi_flash_hal_gpspi_supports_direct_read
 .text.spi_flash_hal_gpspi_check_status
                0x0000000040806306        0xe zephyr/libzephyr.a(spi_flash_hal_gpspi.c.obj)
                0x0000000040806306                spi_flash_hal_gpspi_check_status
 *libzephyr.a:modem_clock_hal.*(SORT_BY_ALIGNMENT(.literal) SORT_BY_ALIGNMENT(.literal.*) SORT_BY_ALIGNMENT(.text) SORT_BY_ALIGNMENT(.text.*))
 .text.modem_clock_hal_set_ble_rtc_timer_divisor_value
                0x0000000040806314       0x14 zephyr/libzephyr.a(modem_clock_hal.c.obj)
                0x0000000040806314                modem_clock_hal_set_ble_rtc_timer_divisor_value
 .text.modem_clock_hal_enable_ble_rtc_timer_clock
                0x0000000040806328       0x10 zephyr/libzephyr.a(modem_clock_hal.c.obj)
                0x0000000040806328                modem_clock_hal_enable_ble_rtc_timer_clock
 .text.modem_clock_hal_deselect_all_ble_rtc_timer_lpclk_source
                0x0000000040806338       0x22 zephyr/libzephyr.a(modem_clock_hal.c.obj)
                0x0000000040806338                modem_clock_hal_deselect_all_ble_rtc_timer_lpclk_source
 .text.modem_clock_hal_select_ble_rtc_timer_lpclk_source
                0x000000004080635a       0x68 zephyr/libzephyr.a(modem_clock_hal.c.obj)
                0x000000004080635a                modem_clock_hal_select_ble_rtc_timer_lpclk_source
 .text.modem_clock_hal_deselect_all_coex_lpclk_source
                0x00000000408063c2       0x22 zephyr/libzephyr.a(modem_clock_hal.c.obj)
                0x00000000408063c2                modem_clock_hal_deselect_all_coex_lpclk_source
 .text.modem_clock_hal_select_coex_lpclk_source
                0x00000000408063e4       0x68 zephyr/libzephyr.a(modem_clock_hal.c.obj)
                0x00000000408063e4                modem_clock_hal_select_coex_lpclk_source
 .text.modem_clock_hal_deselect_all_wifi_lpclk_source
                0x000000004080644c       0x22 zephyr/libzephyr.a(modem_clock_hal.c.obj)
                0x000000004080644c                modem_clock_hal_deselect_all_wifi_lpclk_source
 .text.modem_clock_hal_select_wifi_lpclk_source
                0x000000004080646e       0x68 zephyr/libzephyr.a(modem_clock_hal.c.obj)
                0x000000004080646e                modem_clock_hal_select_wifi_lpclk_source
 .text.modem_clock_hal_enable_wifipwr_clock
                0x00000000408064d6       0x56 zephyr/libzephyr.a(modem_clock_hal.c.obj)
                0x00000000408064d6                modem_clock_hal_enable_wifipwr_clock
 *libzephyr.a:modem_clock.*(SORT_BY_ALIGNMENT(.literal) SORT_BY_ALIGNMENT(.literal.*) SORT_BY_ALIGNMENT(.text) SORT_BY_ALIGNMENT(.text.*))
 .text.modem_clock_domain_clk_gate_disable
                0x000000004080652c       0x6c zephyr/libzephyr.a(modem_clock.c.obj)
                0x000000004080652c                modem_clock_domain_clk_gate_disable
 .text.modem_clock_select_lp_clock_source
                0x0000000040806598      0x180 zephyr/libzephyr.a(modem_clock.c.obj)
                0x0000000040806598                modem_clock_select_lp_clock_source
 *libzephyr.a:lldesc.*(SORT_BY_ALIGNMENT(.literal) SORT_BY_ALIGNMENT(.literal.*) SORT_BY_ALIGNMENT(.text) SORT_BY_ALIGNMENT(.text.*))
 *(SORT_BY_ALIGNMENT(.literal.esp_log_write) SORT_BY_ALIGNMENT(.text.esp_log_write))
 .text.esp_log_write
                0x0000000040806718       0x20 zephyr/libzephyr.a(log.c.obj)
                0x0000000040806718                esp_log_write
 *(SORT_BY_ALIGNMENT(.literal.esp_log_timestamp) SORT_BY_ALIGNMENT(.text.esp_log_timestamp))
 *(SORT_BY_ALIGNMENT(.literal.esp_log_early_timestamp) SORT_BY_ALIGNMENT(.text.esp_log_early_timestamp))
 *(SORT_BY_ALIGNMENT(.literal.esp_log_impl_lock) SORT_BY_ALIGNMENT(.text.esp_log_impl_lock))
 *(SORT_BY_ALIGNMENT(.literal.esp_log_impl_lock_timeout) SORT_BY_ALIGNMENT(.text.esp_log_impl_lock_timeout))
 *(SORT_BY_ALIGNMENT(.literal.esp_log_impl_unlock) SORT_BY_ALIGNMENT(.text.esp_log_impl_unlock))
 *libzephyr.a:spi_flash_chip_boya.*(SORT_BY_ALIGNMENT(.literal) SORT_BY_ALIGNMENT(.literal.*) SORT_BY_ALIGNMENT(.text) SORT_BY_ALIGNMENT(.text.*))
 .text.spi_flash_chip_boya_probe
                0x0000000040806738       0x26 zephyr/libzephyr.a(spi_flash_chip_boya.c.obj)
                0x0000000040806738                spi_flash_chip_boya_probe
 .text.spi_flash_chip_boya_get_caps
                0x000000004080675e        0x4 zephyr/libzephyr.a(spi_flash_chip_boya.c.obj)
                0x000000004080675e                spi_flash_chip_boya_get_caps
 *libzephyr.a:spi_flash_chip_gd.*(SORT_BY_ALIGNMENT(.literal) SORT_BY_ALIGNMENT(.literal.*) SORT_BY_ALIGNMENT(.text) SORT_BY_ALIGNMENT(.text.*))
 .text.spi_flash_chip_gd_get_caps
                0x0000000040806762       0x14 zephyr/libzephyr.a(spi_flash_chip_gd.c.obj)
                0x0000000040806762                spi_flash_chip_gd_get_caps
 .text.spi_flash_chip_gd_detect_size
                0x0000000040806776       0x24 zephyr/libzephyr.a(spi_flash_chip_gd.c.obj)
                0x0000000040806776                spi_flash_chip_gd_detect_size
 .text.spi_flash_chip_gd_get_io_mode
                0x000000004080679a       0x20 zephyr/libzephyr.a(spi_flash_chip_gd.c.obj)
                0x000000004080679a                spi_flash_chip_gd_get_io_mode
 .text.spi_flash_chip_gd_probe
                0x00000000408067ba       0x26 zephyr/libzephyr.a(spi_flash_chip_gd.c.obj)
                0x00000000408067ba                spi_flash_chip_gd_probe
 .text.spi_flash_chip_gd_set_io_mode
                0x00000000408067e0       0x4a zephyr/libzephyr.a(spi_flash_chip_gd.c.obj)
                0x00000000408067e0                spi_flash_chip_gd_set_io_mode
 *libzephyr.a:spi_flash_chip_generic.*(SORT_BY_ALIGNMENT(.literal) SORT_BY_ALIGNMENT(.literal.*) SORT_BY_ALIGNMENT(.text) SORT_BY_ALIGNMENT(.text.*))
 .text.spi_flash_chip_generic_detect_size
                0x000000004080682a       0x30 zephyr/libzephyr.a(spi_flash_chip_generic.c.obj)
                0x000000004080682a                spi_flash_chip_generic_detect_size
 .text.spi_flash_chip_generic_probe
                0x000000004080685a        0x4 zephyr/libzephyr.a(spi_flash_chip_generic.c.obj)
                0x000000004080685a                spi_flash_chip_generic_probe
 .text.spi_flash_chip_generic_reset
                0x000000004080685e       0x60 zephyr/libzephyr.a(spi_flash_chip_generic.c.obj)
                0x000000004080685e                spi_flash_chip_generic_reset
 .text.spi_flash_chip_generic_erase_chip
                0x00000000408068be       0x88 zephyr/libzephyr.a(spi_flash_chip_generic.c.obj)
                0x00000000408068be                spi_flash_chip_generic_erase_chip
 .text.spi_flash_chip_generic_erase_sector
                0x0000000040806946       0x92 zephyr/libzephyr.a(spi_flash_chip_generic.c.obj)
                0x0000000040806946                spi_flash_chip_generic_erase_sector
 .text.spi_flash_chip_generic_erase_block
                0x00000000408069d8       0x92 zephyr/libzephyr.a(spi_flash_chip_generic.c.obj)
                0x00000000408069d8                spi_flash_chip_generic_erase_block
 .text.spi_flash_chip_generic_set_write_protect
                0x0000000040806a6a       0x4e zephyr/libzephyr.a(spi_flash_chip_generic.c.obj)
                0x0000000040806a6a                spi_flash_chip_generic_set_write_protect
 .text.spi_flash_chip_generic_read_reg
                0x0000000040806ab8        0xa zephyr/libzephyr.a(spi_flash_chip_generic.c.obj)
                0x0000000040806ab8                spi_flash_chip_generic_read_reg
 .text.spi_flash_chip_generic_wait_idle
                0x0000000040806ac2       0xa4 zephyr/libzephyr.a(spi_flash_chip_generic.c.obj)
                0x0000000040806ac2                spi_flash_chip_generic_wait_idle
 .text.spi_flash_chip_generic_config_host_io_mode
                0x0000000040806b66      0x11a zephyr/libzephyr.a(spi_flash_chip_generic.c.obj)
                0x0000000040806b66                spi_flash_chip_generic_config_host_io_mode
 .text.spi_flash_chip_generic_get_caps
                0x0000000040806c80       0x82 zephyr/libzephyr.a(spi_flash_chip_generic.c.obj)
                0x0000000040806c80                spi_flash_chip_generic_get_caps
 .text.spi_flash_chip_generic_suspend_cmd_conf
                0x0000000040806d02       0x24 zephyr/libzephyr.a(spi_flash_chip_generic.c.obj)
                0x0000000040806d02                spi_flash_chip_generic_suspend_cmd_conf
 .text.spi_flash_chip_generic_read
                0x0000000040806d26       0xd6 zephyr/libzephyr.a(spi_flash_chip_generic.c.obj)
                0x0000000040806d26                spi_flash_chip_generic_read
 .text.spi_flash_chip_generic_write
                0x0000000040806dfc       0xb0 zephyr/libzephyr.a(spi_flash_chip_generic.c.obj)
                0x0000000040806dfc                spi_flash_chip_generic_write
 .text.spi_flash_chip_generic_get_write_protect
                0x0000000040806eac       0x34 zephyr/libzephyr.a(spi_flash_chip_generic.c.obj)
                0x0000000040806eac                spi_flash_chip_generic_get_write_protect
 .text.spi_flash_chip_generic_yield
                0x0000000040806ee0       0x4a zephyr/libzephyr.a(spi_flash_chip_generic.c.obj)
                0x0000000040806ee0                spi_flash_chip_generic_yield
 .text.spi_flash_chip_generic_read_unique_id
                0x0000000040806f2a       0xa0 zephyr/libzephyr.a(spi_flash_chip_generic.c.obj)
                0x0000000040806f2a                spi_flash_chip_generic_read_unique_id
 .text.spi_flash_chip_generic_page_program
                0x0000000040806fca       0x6a zephyr/libzephyr.a(spi_flash_chip_generic.c.obj)
                0x0000000040806fca                spi_flash_chip_generic_page_program
 .text.spi_flash_chip_generic_write_encrypted
                0x0000000040807034       0xe0 zephyr/libzephyr.a(spi_flash_chip_generic.c.obj)
                0x0000000040807034                spi_flash_chip_generic_write_encrypted
 .text.spi_flash_common_read_qe_sr.constprop.0.isra.0
                0x0000000040807114       0x46 zephyr/libzephyr.a(spi_flash_chip_generic.c.obj)
 .text.spi_flash_common_read_status_16b_rdsr_rdsr2
                0x000000004080715a       0x42 zephyr/libzephyr.a(spi_flash_chip_generic.c.obj)
                0x000000004080715a                spi_flash_common_read_status_16b_rdsr_rdsr2
 .text.spi_flash_common_write_qe_sr.isra.0
                0x000000004080719c       0x44 zephyr/libzephyr.a(spi_flash_chip_generic.c.obj)
 .text.spi_flash_common_write_status_16b_wrsr
                0x00000000408071e0        0xc zephyr/libzephyr.a(spi_flash_chip_generic.c.obj)
                0x00000000408071e0                spi_flash_common_write_status_16b_wrsr
 .text.spi_flash_chip_generic_read_unique_id_none
                0x00000000408071ec        0x6 zephyr/libzephyr.a(spi_flash_chip_generic.c.obj)
                0x00000000408071ec                spi_flash_chip_generic_read_unique_id_none
 .text.spi_flash_common_read_status_8b_rdsr2
                0x00000000408071f2        0xc zephyr/libzephyr.a(spi_flash_chip_generic.c.obj)
                0x00000000408071f2                spi_flash_common_read_status_8b_rdsr2
 .text.spi_flash_chip_generic_get_io_mode
                0x00000000408071fe       0x20 zephyr/libzephyr.a(spi_flash_chip_generic.c.obj)
                0x00000000408071fe                spi_flash_chip_generic_get_io_mode
 .text.spi_flash_common_read_status_8b_rdsr
                0x000000004080721e        0xa zephyr/libzephyr.a(spi_flash_chip_generic.c.obj)
                0x000000004080721e                spi_flash_common_read_status_8b_rdsr
 .text.spi_flash_common_write_status_8b_wrsr
                0x0000000040807228        0xc zephyr/libzephyr.a(spi_flash_chip_generic.c.obj)
                0x0000000040807228                spi_flash_common_write_status_8b_wrsr
 .text.spi_flash_common_write_status_8b_wrsr2
                0x0000000040807234        0xe zephyr/libzephyr.a(spi_flash_chip_generic.c.obj)
                0x0000000040807234                spi_flash_common_write_status_8b_wrsr2
 .text.spi_flash_common_set_io_mode
                0x0000000040807242       0x9e zephyr/libzephyr.a(spi_flash_chip_generic.c.obj)
                0x0000000040807242                spi_flash_common_set_io_mode
 .text.spi_flash_chip_generic_set_io_mode
                0x00000000408072e0       0x18 zephyr/libzephyr.a(spi_flash_chip_generic.c.obj)
                0x00000000408072e0                spi_flash_chip_generic_set_io_mode
 *libzephyr.a:spi_flash_chip_issi.*(SORT_BY_ALIGNMENT(.literal) SORT_BY_ALIGNMENT(.literal.*) SORT_BY_ALIGNMENT(.text) SORT_BY_ALIGNMENT(.text.*))
 .text.spi_flash_chip_issi_probe
                0x00000000408072f8       0x26 zephyr/libzephyr.a(spi_flash_chip_issi.c.obj)
                0x00000000408072f8                spi_flash_chip_issi_probe
 .text.spi_flash_chip_issi_get_caps
                0x000000004080731e        0x4 zephyr/libzephyr.a(spi_flash_chip_issi.c.obj)
                0x000000004080731e                spi_flash_chip_issi_get_caps
 .text.spi_flash_chip_issi_set_io_mode
                0x0000000040807322       0x18 zephyr/libzephyr.a(spi_flash_chip_issi.c.obj)
                0x0000000040807322                spi_flash_chip_issi_set_io_mode
 .text.spi_flash_chip_issi_get_io_mode
                0x000000004080733a       0x20 zephyr/libzephyr.a(spi_flash_chip_issi.c.obj)
                0x000000004080733a                spi_flash_chip_issi_get_io_mode
 *libzephyr.a:spi_flash_chip_mxic.*(SORT_BY_ALIGNMENT(.literal) SORT_BY_ALIGNMENT(.literal.*) SORT_BY_ALIGNMENT(.text) SORT_BY_ALIGNMENT(.text.*))
 .text.spi_flash_chip_mxic_probe
                0x000000004080735a       0x1a zephyr/libzephyr.a(spi_flash_chip_mxic.c.obj)
                0x000000004080735a                spi_flash_chip_mxic_probe
 .text.spi_flash_chip_mxic_detect_size
                0x0000000040807374       0x3a zephyr/libzephyr.a(spi_flash_chip_mxic.c.obj)
                0x0000000040807374                spi_flash_chip_mxic_detect_size
 .text.spi_flash_chip_mxic_get_caps
                0x00000000408073ae        0x4 zephyr/libzephyr.a(spi_flash_chip_mxic.c.obj)
                0x00000000408073ae                spi_flash_chip_mxic_get_caps
 *libzephyr.a:spi_flash_chip_mxic_opi.*(SORT_BY_ALIGNMENT(.literal) SORT_BY_ALIGNMENT(.literal.*) SORT_BY_ALIGNMENT(.text) SORT_BY_ALIGNMENT(.text.*))
 *libzephyr.a:spi_flash_chip_th.*(SORT_BY_ALIGNMENT(.literal) SORT_BY_ALIGNMENT(.literal.*) SORT_BY_ALIGNMENT(.text) SORT_BY_ALIGNMENT(.text.*))
 .text.spi_flash_chip_th_probe
                0x00000000408073b2       0x26 zephyr/libzephyr.a(spi_flash_chip_th.c.obj)
                0x00000000408073b2                spi_flash_chip_th_probe
 .text.spi_flash_chip_th_get_caps
                0x00000000408073d8        0x4 zephyr/libzephyr.a(spi_flash_chip_th.c.obj)
                0x00000000408073d8                spi_flash_chip_th_get_caps
 *libzephyr.a:spi_flash_chip_winbond.*(SORT_BY_ALIGNMENT(.literal) SORT_BY_ALIGNMENT(.literal.*) SORT_BY_ALIGNMENT(.text) SORT_BY_ALIGNMENT(.text.*))
 .text.spi_flash_chip_winbond_probe
                0x00000000408073dc       0x12 zephyr/libzephyr.a(spi_flash_chip_winbond.c.obj)
                0x00000000408073dc                spi_flash_chip_winbond_probe
 .text.spi_flash_chip_winbond_get_caps
                0x00000000408073ee       0x14 zephyr/libzephyr.a(spi_flash_chip_winbond.c.obj)
                0x00000000408073ee                spi_flash_chip_winbond_get_caps
 .text.spi_flash_chip_winbond_read
                0x0000000040807402       0xe0 zephyr/libzephyr.a(spi_flash_chip_winbond.c.obj)
                0x0000000040807402                spi_flash_chip_winbond_read
 .text.spi_flash_chip_winbond_erase_block
                0x00000000408074e2       0xa8 zephyr/libzephyr.a(spi_flash_chip_winbond.c.obj)
                0x00000000408074e2                spi_flash_chip_winbond_erase_block
 .text.spi_flash_chip_winbond_erase_sector
                0x000000004080758a       0xa8 zephyr/libzephyr.a(spi_flash_chip_winbond.c.obj)
                0x000000004080758a                spi_flash_chip_winbond_erase_sector
 .text.spi_flash_chip_winbond_page_program
                0x0000000040807632       0xa0 zephyr/libzephyr.a(spi_flash_chip_winbond.c.obj)
                0x0000000040807632                spi_flash_chip_winbond_page_program
 *libzephyr.a:memspi_host_driver.*(SORT_BY_ALIGNMENT(.literal) SORT_BY_ALIGNMENT(.literal.*) SORT_BY_ALIGNMENT(.text) SORT_BY_ALIGNMENT(.text.*))
 .text.memspi_host_read_status_hs
                0x00000000408076d2       0x46 zephyr/libzephyr.a(memspi_host_driver.c.obj)
                0x00000000408076d2                memspi_host_read_status_hs
 .text.memspi_host_erase_chip
                0x0000000040807718       0x30 zephyr/libzephyr.a(memspi_host_driver.c.obj)
                0x0000000040807718                memspi_host_erase_chip
 .text.memspi_host_set_write_protect
                0x0000000040807748       0x3a zephyr/libzephyr.a(memspi_host_driver.c.obj)
                0x0000000040807748                memspi_host_set_write_protect
 .text.memspi_host_write_data_slicer
                0x0000000040807782       0x3c zephyr/libzephyr.a(memspi_host_driver.c.obj)
                0x0000000040807782                memspi_host_write_data_slicer
 .text.memspi_host_read_data_slicer
                0x00000000408077be       0x30 zephyr/libzephyr.a(memspi_host_driver.c.obj)
                0x00000000408077be                memspi_host_read_data_slicer
 .text.memspi_host_read_id_hs
                0x00000000408077ee       0x8c zephyr/libzephyr.a(memspi_host_driver.c.obj)
                0x00000000408077ee                memspi_host_read_id_hs
 .text.memspi_host_flush_cache
                0x000000004080787a       0x26 zephyr/libzephyr.a(memspi_host_driver.c.obj)
                0x000000004080787a                memspi_host_flush_cache
 .text.memspi_host_erase_sector
                0x00000000408078a0       0x4e zephyr/libzephyr.a(memspi_host_driver.c.obj)
                0x00000000408078a0                memspi_host_erase_sector
 .text.memspi_host_erase_block
                0x00000000408078ee       0x4e zephyr/libzephyr.a(memspi_host_driver.c.obj)
                0x00000000408078ee                memspi_host_erase_block
 .text.memspi_host_program_page
                0x000000004080793c       0x62 zephyr/libzephyr.a(memspi_host_driver.c.obj)
                0x000000004080793c                memspi_host_program_page
 .text.memspi_host_init_pointers
                0x000000004080799e       0x2e zephyr/libzephyr.a(memspi_host_driver.c.obj)
                0x000000004080799e                memspi_host_init_pointers
 *libzephyr.a:flash_brownout_hook.*(SORT_BY_ALIGNMENT(.literal) SORT_BY_ALIGNMENT(.literal.*) SORT_BY_ALIGNMENT(.text) SORT_BY_ALIGNMENT(.text.*))
 *libzephyr.a:spi_flash_wrap.*(SORT_BY_ALIGNMENT(.literal) SORT_BY_ALIGNMENT(.literal.*) SORT_BY_ALIGNMENT(.text) SORT_BY_ALIGNMENT(.text.*))
 *libzephyr.a:flash_ops.*(SORT_BY_ALIGNMENT(.literal) SORT_BY_ALIGNMENT(.literal.*) SORT_BY_ALIGNMENT(.text) SORT_BY_ALIGNMENT(.text.*))
 .text.esp_mspi_get_io
                0x00000000408079cc       0x1e zephyr/libzephyr.a(flash_ops.c.obj)
                0x00000000408079cc                esp_mspi_get_io
 *libzephyr.a:flash_mmap.*(SORT_BY_ALIGNMENT(.literal) SORT_BY_ALIGNMENT(.text) SORT_BY_ALIGNMENT(.literal.*) SORT_BY_ALIGNMENT(.text.*))
 *libzephyr.a:esp_flash_api.*(SORT_BY_ALIGNMENT(.literal) SORT_BY_ALIGNMENT(.text) SORT_BY_ALIGNMENT(.literal.*) SORT_BY_ALIGNMENT(.text.*))
 .text.esp_flash_read_chip_id
                0x00000000408079ea        0x6 zephyr/libzephyr.a(esp_flash_api.c.obj)
                0x00000000408079ea                esp_flash_read_chip_id
 *libzephyr.a:reset_reason.*(SORT_BY_ALIGNMENT(.literal) SORT_BY_ALIGNMENT(.literal.*) SORT_BY_ALIGNMENT(.text) SORT_BY_ALIGNMENT(.text.*))
 .text.esp_reset_reason_get_hint
                0x00000000408079f0       0x20 zephyr/libzephyr.a(reset_reason.c.obj)
                0x00000000408079f0                esp_reset_reason_get_hint
 .text.esp_reset_reason_init
                0x0000000040807a10       0xcc zephyr/libzephyr.a(reset_reason.c.obj)
                0x0000000040807a10                esp_reset_reason_init
 *libzephyr.a:esp_err.*(SORT_BY_ALIGNMENT(.literal) SORT_BY_ALIGNMENT(.literal.*) SORT_BY_ALIGNMENT(.text) SORT_BY_ALIGNMENT(.text.*))
 .text._esp_error_check_failed
                0x0000000040807adc       0x68 zephyr/libzephyr.a(esp_err.c.obj)
                0x0000000040807adc                _esp_error_check_failed
 *(SORT_BY_ALIGNMENT(.literal.esp_system_abort) SORT_BY_ALIGNMENT(.text.esp_system_abort))
 *(SORT_BY_ALIGNMENT(.literal.esp_cpu_stall) SORT_BY_ALIGNMENT(.text.esp_cpu_stall))
 *(SORT_BY_ALIGNMENT(.literal.esp_cpu_unstall) SORT_BY_ALIGNMENT(.text.esp_cpu_unstall))
 *(SORT_BY_ALIGNMENT(.literal.esp_cpu_reset) SORT_BY_ALIGNMENT(.text.esp_cpu_reset))
 *(SORT_BY_ALIGNMENT(.literal.esp_cpu_wait_for_intr) SORT_BY_ALIGNMENT(.text.esp_cpu_wait_for_intr))
 *(SORT_BY_ALIGNMENT(.literal.esp_cpu_compare_and_set) SORT_BY_ALIGNMENT(.text.esp_cpu_compare_and_set))
 *(SORT_BY_ALIGNMENT(.literal.esp_gpio_reserve_pins) SORT_BY_ALIGNMENT(.text.esp_gpio_reserve_pins))
 .text.esp_gpio_reserve_pins
                0x0000000040807b44       0x14 zephyr/libzephyr.a(esp_gpio_reserve.c.obj)
                0x0000000040807b44                esp_gpio_reserve_pins
 *(SORT_BY_ALIGNMENT(.literal.esp_gpio_is_pin_reserved) SORT_BY_ALIGNMENT(.text.esp_gpio_is_pin_reserved))
 *(SORT_BY_ALIGNMENT(.literal.rtc_vddsdio_get_config) SORT_BY_ALIGNMENT(.text.rtc_vddsdio_get_config))
 *(SORT_BY_ALIGNMENT(.literal.rtc_vddsdio_set_config) SORT_BY_ALIGNMENT(.text.rtc_vddsdio_set_config))
 *libzephyr.a:esp_memory_utils.*(SORT_BY_ALIGNMENT(.literal) SORT_BY_ALIGNMENT(.literal.*) SORT_BY_ALIGNMENT(.text) SORT_BY_ALIGNMENT(.text.*))
 *libzephyr.a:pmu_init.*(SORT_BY_ALIGNMENT(.literal) SORT_BY_ALIGNMENT(.literal.*) SORT_BY_ALIGNMENT(.text) SORT_BY_ALIGNMENT(.text.*))
 .text.pmu_hp_system_init
                0x0000000040807b58      0x428 zephyr/libzephyr.a(pmu_init.c.obj)
                0x0000000040807b58                pmu_hp_system_init
 .text.pmu_lp_system_init
                0x0000000040807f80      0x174 zephyr/libzephyr.a(pmu_init.c.obj)
                0x0000000040807f80                pmu_lp_system_init
 .text.pmu_init
                0x00000000408080f4      0x236 zephyr/libzephyr.a(pmu_init.c.obj)
                0x00000000408080f4                pmu_init
 *libzephyr.a:pmu_param.*(SORT_BY_ALIGNMENT(.literal) SORT_BY_ALIGNMENT(.literal.*) SORT_BY_ALIGNMENT(.text) SORT_BY_ALIGNMENT(.text.*))
 .text.pmu_hp_system_power_param_default
                0x000000004080832a       0x24 zephyr/libzephyr.a(pmu_param.c.obj)
                0x000000004080832a                pmu_hp_system_power_param_default
 .text.pmu_hp_system_clock_param_default
                0x000000004080834e       0x20 zephyr/libzephyr.a(pmu_param.c.obj)
                0x000000004080834e                pmu_hp_system_clock_param_default
 .text.pmu_hp_system_digital_param_default
                0x000000004080836e       0x20 zephyr/libzephyr.a(pmu_param.c.obj)
                0x000000004080836e                pmu_hp_system_digital_param_default
 .text.pmu_hp_system_analog_param_default
                0x000000004080838e       0x20 zephyr/libzephyr.a(pmu_param.c.obj)
                0x000000004080838e                pmu_hp_system_analog_param_default
 .text.pmu_hp_system_retention_param_default
                0x00000000408083ae       0x1c zephyr/libzephyr.a(pmu_param.c.obj)
                0x00000000408083ae                pmu_hp_system_retention_param_default
 .text.pmu_lp_system_power_param_default
                0x00000000408083ca       0x20 zephyr/libzephyr.a(pmu_param.c.obj)
                0x00000000408083ca                pmu_lp_system_power_param_default
 .text.pmu_lp_system_analog_param_default
                0x00000000408083ea       0x20 zephyr/libzephyr.a(pmu_param.c.obj)
                0x00000000408083ea                pmu_lp_system_analog_param_default
 .text.get_act_hp_dbias
                0x000000004080840a       0x34 zephyr/libzephyr.a(pmu_param.c.obj)
                0x000000004080840a                get_act_hp_dbias
 .text.get_act_lp_dbias
                0x000000004080843e       0x34 zephyr/libzephyr.a(pmu_param.c.obj)
                0x000000004080843e                get_act_lp_dbias
 *libzephyr.a:pmu_sleep.*(SORT_BY_ALIGNMENT(.literal) SORT_BY_ALIGNMENT(.literal.*) SORT_BY_ALIGNMENT(.text) SORT_BY_ALIGNMENT(.text.*))
 .text.pmu_sleep_enable_hp_sleep_sysclk
                0x0000000040808472       0x2e zephyr/libzephyr.a(pmu_sleep.c.obj)
                0x0000000040808472                pmu_sleep_enable_hp_sleep_sysclk
 *libzephyr.a:rtc_clk.*(SORT_BY_ALIGNMENT(.literal) SORT_BY_ALIGNMENT(.literal.*) SORT_BY_ALIGNMENT(.text) SORT_BY_ALIGNMENT(.text.*))
 *libzephyr.a:rtc_clk_init.*(SORT_BY_ALIGNMENT(.literal) SORT_BY_ALIGNMENT(.literal.*) SORT_BY_ALIGNMENT(.text) SORT_BY_ALIGNMENT(.text.*))
 *libzephyr.a:rtc_time.*(SORT_BY_ALIGNMENT(.literal) SORT_BY_ALIGNMENT(.literal.*) SORT_BY_ALIGNMENT(.text) SORT_BY_ALIGNMENT(.text.*))
 *libzephyr.a:rtc_sleep.*(SORT_BY_ALIGNMENT(.literal) SORT_BY_ALIGNMENT(.literal.*) SORT_BY_ALIGNMENT(.text) SORT_BY_ALIGNMENT(.text.*))
 *libzephyr.a:systimer.*(SORT_BY_ALIGNMENT(.literal) SORT_BY_ALIGNMENT(.literal.*) SORT_BY_ALIGNMENT(.text) SORT_BY_ALIGNMENT(.text.*))
 .text.systimer_ticks_to_us
                0x00000000408084a0        0xc zephyr/libzephyr.a(systimer.c.obj)
                0x00000000408084a0                systimer_ticks_to_us
 .text.systimer_us_to_ticks
                0x00000000408084ac        0xc zephyr/libzephyr.a(systimer.c.obj)
                0x00000000408084ac                systimer_us_to_ticks
 *(SORT_BY_ALIGNMENT(.literal.sar_periph_ctrl_power_enable) SORT_BY_ALIGNMENT(.text.sar_periph_ctrl_power_enable))
 *(SORT_BY_ALIGNMENT(.literal.GPIO_HOLD_MASK) SORT_BY_ALIGNMENT(.text.GPIO_HOLD_MASK))
 *libzephyr.a:esp_rom_crc.*(SORT_BY_ALIGNMENT(.literal) SORT_BY_ALIGNMENT(.literal.*) SORT_BY_ALIGNMENT(.text) SORT_BY_ALIGNMENT(.text.*))
 *libzephyr.a:esp_rom_sys.*(SORT_BY_ALIGNMENT(.literal) SORT_BY_ALIGNMENT(.literal.*) SORT_BY_ALIGNMENT(.text) SORT_BY_ALIGNMENT(.text.*))
 *libzephyr.a:esp_rom_uart.*(SORT_BY_ALIGNMENT(.literal) SORT_BY_ALIGNMENT(.literal.*) SORT_BY_ALIGNMENT(.text) SORT_BY_ALIGNMENT(.text.*))
 *libzephyr.a:esp_rom_spiflash.*(SORT_BY_ALIGNMENT(.literal) SORT_BY_ALIGNMENT(.literal.*) SORT_BY_ALIGNMENT(.text) SORT_BY_ALIGNMENT(.text.*))
 *libzephyr.a:esp_rom_efuse.*(SORT_BY_ALIGNMENT(.literal) SORT_BY_ALIGNMENT(.literal.*) SORT_BY_ALIGNMENT(.text) SORT_BY_ALIGNMENT(.text.*))
 *libzephyr.a:esp_rom_systimer.*(SORT_BY_ALIGNMENT(.literal) SORT_BY_ALIGNMENT(.literal.*) SORT_BY_ALIGNMENT(.text) SORT_BY_ALIGNMENT(.text.*))
 *libzephyr.a:esp_rom_wdt.*(SORT_BY_ALIGNMENT(.literal) SORT_BY_ALIGNMENT(.literal.*) SORT_BY_ALIGNMENT(.text) SORT_BY_ALIGNMENT(.text.*))
 *libzephyr.a:esp_rom_hp_regi2c_esp32c6.*(SORT_BY_ALIGNMENT(.literal) SORT_BY_ALIGNMENT(.literal.*) SORT_BY_ALIGNMENT(.text) SORT_BY_ALIGNMENT(.text.*))
 *libzephyr.a:esp_cache.*(SORT_BY_ALIGNMENT(.literal) SORT_BY_ALIGNMENT(.literal.*) SORT_BY_ALIGNMENT(.text) SORT_BY_ALIGNMENT(.text.*))
 *libzephyr.a:cache_utils.*(SORT_BY_ALIGNMENT(.literal) SORT_BY_ALIGNMENT(.text) SORT_BY_ALIGNMENT(.literal.*) SORT_BY_ALIGNMENT(.text.*))
 .text.spi_flash_init_lock
                0x00000000408084b8        0x2 zephyr/libzephyr.a(cache_utils.c.obj)
                0x00000000408084b8                spi_flash_init_lock
 *libble_app.a:(SORT_BY_ALIGNMENT(.high_perf_code_iram1) SORT_BY_ALIGNMENT(.high_perf_code_iram1.*))
 *libble_app.a:(SORT_BY_ALIGNMENT(.bt_iram_text) SORT_BY_ALIGNMENT(.bt_iram_text.*))
                0x00000000408084cc                . = (ALIGN (0x4) + 0x10)
 *fill*         0x00000000408084ba       0x12 
